Copyright 1986-2022 Xilinx, Inc. All Rights Reserved. Copyright 2022-2024 Advanced Micro Devices, Inc. All Rights Reserved.
-------------------------------------------------------------------------------------------------------------------------------------------------
| Tool Version     : Vivado v.2024.2 (lin64) Build 5239630 Fri Nov 08 22:34:34 MST 2024
| Date             : Wed Mar 11 20:18:11 2026
| Host             : audrey-Precision-5520 running 64-bit Ubuntu 22.04.5 LTS
| Command          : report_power_opt -file power_opt.rpt
| Design           : top
| Device           : xc7s50csga324-2
| Design State     : Routed
| Grade            : commercial
| Process          : typical
| Characterization : Production
-------------------------------------------------------------------------------------------------------------------------------------------------

Power optimization report

Table of Contents
-----------------
1. Summary
2. Recommendations
3. Hierarchical Information
3.1 BRAMs
3.2 SRLs
3.3 Slice Registers
3.3.1 User Gated Slice Registers
3.3.2 Tool Gated Slice Registers
3.4 XPM URAMs

1. Summary
----------

+---------------------------+-------+------------+------------+----------------+
| Elements                  | TOTAL | USER GATED | TOOL GATED | % GATED(Total) |
+---------------------------+-------+------------+------------+----------------+
| Number of BRAMs           | 0     | 0          | 0          | 0.000          |
| Number of SRLs            | 0     | 0          | 0          | 0.000          |
| Number of Slice Registers | 582   | 529        | 0          | 90.893         |
| Number of XPM URAMs       | 0     | 0          | 0          | 0.000          |
+---------------------------+-------+------------+------------+----------------+


2. Recommendations
------------------

No specific recommendations for this design.

3. Hierarchical Information
---------------------------

3.1 BRAMs
---------

None

3.2 SRLs
--------

None

3.3 Slice Registers
-------------------

3.3.1 User Gated Slice Registers
--------------------------------

+-----------------------------------------------------------------------------+---------+------------------------------------------------------------------------------------+
| Cell Name                                                                   | CE Port | CE Net Name                                                                        |
+-----------------------------------------------------------------------------+---------+------------------------------------------------------------------------------------+
| accumulator_inst/in_buf_data_reg[0]                                         | CE      | accumulator_inst/in_buf_data0                                                      |
| accumulator_inst/in_buf_data_reg[1]                                         | CE      | accumulator_inst/in_buf_data0                                                      |
| accumulator_inst/in_buf_data_reg[2]                                         | CE      | accumulator_inst/in_buf_data0                                                      |
| accumulator_inst/in_buf_data_reg[3]                                         | CE      | accumulator_inst/in_buf_data0                                                      |
| accumulator_inst/in_buf_data_reg[4]                                         | CE      | accumulator_inst/in_buf_data0                                                      |
| accumulator_inst/in_buf_data_reg[5]                                         | CE      | accumulator_inst/in_buf_data0                                                      |
| accumulator_inst/in_buf_data_reg[6]                                         | CE      | accumulator_inst/in_buf_data0                                                      |
| accumulator_inst/in_buf_data_reg[7]                                         | CE      | accumulator_inst/in_buf_data0                                                      |
| accumulator_inst/in_buf_data_reg[8]                                         | CE      | accumulator_inst/in_buf_data0                                                      |
| accumulator_inst/in_buf_data_reg[9]                                         | CE      | accumulator_inst/in_buf_data0                                                      |
| accumulator_inst/in_buf_data_reg[10]                                        | CE      | accumulator_inst/in_buf_data0                                                      |
| accumulator_inst/in_buf_data_reg[11]                                        | CE      | accumulator_inst/in_buf_data0                                                      |
| accumulator_inst/in_buf_data_reg[12]                                        | CE      | accumulator_inst/in_buf_data0                                                      |
| accumulator_inst/in_buf_data_reg[13]                                        | CE      | accumulator_inst/in_buf_data0                                                      |
| accumulator_inst/in_buf_data_reg[14]                                        | CE      | accumulator_inst/in_buf_data0                                                      |
| accumulator_inst/in_buf_data_reg[15]                                        | CE      | accumulator_inst/in_buf_data0                                                      |
| accumulator_inst/in_buf_data_reg[16]                                        | CE      | accumulator_inst/in_buf_data0                                                      |
| accumulator_inst/in_buf_data_reg[17]                                        | CE      | accumulator_inst/in_buf_data0                                                      |
| accumulator_inst/in_buf_data_reg[18]                                        | CE      | accumulator_inst/in_buf_data0                                                      |
| accumulator_inst/in_buf_data_reg[19]                                        | CE      | accumulator_inst/in_buf_data0                                                      |
| accumulator_inst/in_buf_data_reg[20]                                        | CE      | accumulator_inst/in_buf_data0                                                      |
| accumulator_inst/in_buf_data_reg[21]                                        | CE      | accumulator_inst/in_buf_data0                                                      |
| accumulator_inst/in_buf_data_reg[22]                                        | CE      | accumulator_inst/in_buf_data0                                                      |
| accumulator_inst/in_buf_data_reg[23]                                        | CE      | accumulator_inst/in_buf_data0                                                      |
| accumulator_inst/in_buf_data_reg[24]                                        | CE      | accumulator_inst/in_buf_data0                                                      |
| accumulator_inst/in_buf_data_reg[25]                                        | CE      | accumulator_inst/in_buf_data0                                                      |
| accumulator_inst/in_buf_data_reg[26]                                        | CE      | accumulator_inst/in_buf_data0                                                      |
| accumulator_inst/in_buf_data_reg[27]                                        | CE      | accumulator_inst/in_buf_data0                                                      |
| accumulator_inst/in_buf_data_reg[28]                                        | CE      | accumulator_inst/in_buf_data0                                                      |
| accumulator_inst/in_buf_data_reg[29]                                        | CE      | accumulator_inst/in_buf_data0                                                      |
| accumulator_inst/in_buf_data_reg[30]                                        | CE      | accumulator_inst/in_buf_data0                                                      |
| accumulator_inst/in_buf_data_reg[31]                                        | CE      | accumulator_inst/in_buf_data0                                                      |
| accumulator_inst/m_axis_tdata_reg[0]                                        | CE      | accumulator_inst/p_0_in[0]                                                         |
| accumulator_inst/m_axis_tdata_reg[1]                                        | CE      | accumulator_inst/p_0_in[0]                                                         |
| accumulator_inst/m_axis_tdata_reg[2]                                        | CE      | accumulator_inst/p_0_in[0]                                                         |
| accumulator_inst/m_axis_tdata_reg[3]                                        | CE      | accumulator_inst/p_0_in[0]                                                         |
| accumulator_inst/m_axis_tdata_reg[4]                                        | CE      | accumulator_inst/p_0_in[0]                                                         |
| accumulator_inst/m_axis_tdata_reg[5]                                        | CE      | accumulator_inst/p_0_in[0]                                                         |
| accumulator_inst/m_axis_tdata_reg[6]                                        | CE      | accumulator_inst/p_0_in[0]                                                         |
| accumulator_inst/m_axis_tdata_reg[7]                                        | CE      | accumulator_inst/p_0_in[0]                                                         |
| accumulator_inst/m_axis_tdata_reg[8]                                        | CE      | accumulator_inst/p_0_in[0]                                                         |
| accumulator_inst/m_axis_tdata_reg[9]                                        | CE      | accumulator_inst/p_0_in[0]                                                         |
| accumulator_inst/m_axis_tdata_reg[10]                                       | CE      | accumulator_inst/p_0_in[0]                                                         |
| accumulator_inst/m_axis_tdata_reg[11]                                       | CE      | accumulator_inst/p_0_in[0]                                                         |
| accumulator_inst/m_axis_tdata_reg[12]                                       | CE      | accumulator_inst/p_0_in[0]                                                         |
| accumulator_inst/m_axis_tdata_reg[13]                                       | CE      | accumulator_inst/p_0_in[0]                                                         |
| accumulator_inst/m_axis_tdata_reg[14]                                       | CE      | accumulator_inst/p_0_in[0]                                                         |
| accumulator_inst/m_axis_tdata_reg[15]                                       | CE      | accumulator_inst/p_0_in[0]                                                         |
| accumulator_inst/m_axis_tdata_reg[16]                                       | CE      | accumulator_inst/p_0_in[0]                                                         |
| accumulator_inst/m_axis_tdata_reg[17]                                       | CE      | accumulator_inst/p_0_in[0]                                                         |
| accumulator_inst/m_axis_tdata_reg[18]                                       | CE      | accumulator_inst/p_0_in[0]                                                         |
| accumulator_inst/m_axis_tdata_reg[19]                                       | CE      | accumulator_inst/p_0_in[0]                                                         |
| accumulator_inst/m_axis_tdata_reg[20]                                       | CE      | accumulator_inst/p_0_in[0]                                                         |
| accumulator_inst/m_axis_tdata_reg[21]                                       | CE      | accumulator_inst/p_0_in[0]                                                         |
| accumulator_inst/m_axis_tdata_reg[22]                                       | CE      | accumulator_inst/p_0_in[0]                                                         |
| accumulator_inst/m_axis_tdata_reg[23]                                       | CE      | accumulator_inst/p_0_in[0]                                                         |
| accumulator_inst/shift_reg_reg[0]                                           | CE      | accumulator_inst/p_0_in[1]                                                         |
| accumulator_inst/shift_reg_reg[1]                                           | CE      | accumulator_inst/p_0_in[1]                                                         |
| accumulator_inst/shift_reg_reg[2]                                           | CE      | accumulator_inst/p_0_in[1]                                                         |
| accumulator_inst/shift_reg_reg[3]                                           | CE      | accumulator_inst/p_0_in[1]                                                         |
| accumulator_inst/shift_reg_reg[4]                                           | CE      | accumulator_inst/p_0_in[1]                                                         |
| accumulator_inst/shift_reg_reg[5]                                           | CE      | accumulator_inst/p_0_in[1]                                                         |
| accumulator_inst/shift_reg_reg[6]                                           | CE      | accumulator_inst/p_0_in[1]                                                         |
| accumulator_inst/shift_reg_reg[7]                                           | CE      | accumulator_inst/p_0_in[1]                                                         |
| accumulator_inst/shift_reg_reg[8]                                           | CE      | accumulator_inst/p_0_in[1]                                                         |
| accumulator_inst/shift_reg_reg[9]                                           | CE      | accumulator_inst/p_0_in[1]                                                         |
| accumulator_inst/shift_reg_reg[10]                                          | CE      | accumulator_inst/p_0_in[1]                                                         |
| accumulator_inst/shift_reg_reg[11]                                          | CE      | accumulator_inst/p_0_in[1]                                                         |
| accumulator_inst/shift_reg_reg[12]                                          | CE      | accumulator_inst/p_0_in[1]                                                         |
| accumulator_inst/shift_reg_reg[13]                                          | CE      | accumulator_inst/p_0_in[1]                                                         |
| accumulator_inst/shift_reg_reg[14]                                          | CE      | accumulator_inst/p_0_in[1]                                                         |
| accumulator_inst/shift_reg_reg[15]                                          | CE      | accumulator_inst/p_0_in[1]                                                         |
| accumulator_inst/shift_reg_reg[16]                                          | CE      | accumulator_inst/p_0_in[1]                                                         |
| accumulator_inst/shift_reg_reg[17]                                          | CE      | accumulator_inst/p_0_in[1]                                                         |
| accumulator_inst/shift_reg_reg[18]                                          | CE      | accumulator_inst/p_0_in[1]                                                         |
| accumulator_inst/shift_reg_reg[19]                                          | CE      | accumulator_inst/p_0_in[1]                                                         |
| accumulator_inst/shift_reg_reg[20]                                          | CE      | accumulator_inst/p_0_in[1]                                                         |
| accumulator_inst/shift_reg_reg[21]                                          | CE      | accumulator_inst/p_0_in[1]                                                         |
| accumulator_inst/shift_reg_reg[22]                                          | CE      | accumulator_inst/p_0_in[1]                                                         |
| accumulator_inst/shift_reg_reg[23]                                          | CE      | accumulator_inst/p_0_in[1]                                                         |
| accumulator_inst/shift_reg_reg[24]                                          | CE      | accumulator_inst/p_0_in[1]                                                         |
| accumulator_inst/shift_reg_reg[25]                                          | CE      | accumulator_inst/p_0_in[1]                                                         |
| accumulator_inst/shift_reg_reg[26]                                          | CE      | accumulator_inst/p_0_in[1]                                                         |
| accumulator_inst/shift_reg_reg[27]                                          | CE      | accumulator_inst/p_0_in[1]                                                         |
| accumulator_inst/shift_reg_reg[28]                                          | CE      | accumulator_inst/p_0_in[1]                                                         |
| accumulator_inst/shift_reg_reg[29]                                          | CE      | accumulator_inst/p_0_in[1]                                                         |
| accumulator_inst/shift_reg_reg[30]                                          | CE      | accumulator_inst/p_0_in[1]                                                         |
| accumulator_inst/shift_reg_reg[31]                                          | CE      | accumulator_inst/p_0_in[1]                                                         |
| accumulator_inst/shift_reg_reg[32]                                          | CE      | accumulator_inst/p_0_in[1]                                                         |
| accumulator_inst/shift_reg_reg[33]                                          | CE      | accumulator_inst/p_0_in[1]                                                         |
| accumulator_inst/shift_reg_reg[34]                                          | CE      | accumulator_inst/p_0_in[1]                                                         |
| accumulator_inst/shift_reg_reg[35]                                          | CE      | accumulator_inst/p_0_in[1]                                                         |
| accumulator_inst/shift_reg_reg[36]                                          | CE      | accumulator_inst/p_0_in[1]                                                         |
| accumulator_inst/shift_reg_reg[37]                                          | CE      | accumulator_inst/p_0_in[1]                                                         |
| accumulator_inst/shift_reg_reg[38]                                          | CE      | accumulator_inst/p_0_in[1]                                                         |
| accumulator_inst/shift_reg_reg[39]                                          | CE      | accumulator_inst/p_0_in[1]                                                         |
| accumulator_inst/shift_reg_reg[40]                                          | CE      | accumulator_inst/p_0_in[1]                                                         |
| accumulator_inst/shift_reg_reg[41]                                          | CE      | accumulator_inst/p_0_in[1]                                                         |
| accumulator_inst/shift_reg_reg[42]                                          | CE      | accumulator_inst/p_0_in[1]                                                         |
| accumulator_inst/shift_reg_reg[43]                                          | CE      | accumulator_inst/p_0_in[1]                                                         |
| accumulator_inst/shift_reg_reg[44]                                          | CE      | accumulator_inst/p_0_in[1]                                                         |
| accumulator_inst/shift_reg_reg[45]                                          | CE      | accumulator_inst/p_0_in[1]                                                         |
| accumulator_inst/shift_reg_reg[46]                                          | CE      | accumulator_inst/p_0_in[1]                                                         |
| accumulator_inst/shift_reg_reg[47]                                          | CE      | accumulator_inst/p_0_in[1]                                                         |
| pe_engine/crossbar_inst/count_reg[0]                                        | CE      | pe_engine/crossbar_inst/count                                                      |
| pe_engine/crossbar_inst/count_reg[1]                                        | CE      | pe_engine/crossbar_inst/count                                                      |
| pe_engine/crossbar_inst/genblk1[0].reg_s_tdata_reg[0][0]                    | CE      | pe_engine/crossbar_inst/genblk1[0].reg_s_tvalid_reg0                               |
| pe_engine/crossbar_inst/genblk1[0].reg_s_tdata_reg[0][1]                    | CE      | pe_engine/crossbar_inst/genblk1[0].reg_s_tvalid_reg0                               |
| pe_engine/crossbar_inst/genblk1[0].reg_s_tdata_reg[0][2]                    | CE      | pe_engine/crossbar_inst/genblk1[0].reg_s_tvalid_reg0                               |
| pe_engine/crossbar_inst/genblk1[0].reg_s_tdata_reg[0][3]                    | CE      | pe_engine/crossbar_inst/genblk1[0].reg_s_tvalid_reg0                               |
| pe_engine/crossbar_inst/genblk1[0].reg_s_tdata_reg[0][4]                    | CE      | pe_engine/crossbar_inst/genblk1[0].reg_s_tvalid_reg0                               |
| pe_engine/crossbar_inst/genblk1[0].reg_s_tdata_reg[0][5]                    | CE      | pe_engine/crossbar_inst/genblk1[0].reg_s_tvalid_reg0                               |
| pe_engine/crossbar_inst/genblk1[0].reg_s_tdata_reg[0][6]                    | CE      | pe_engine/crossbar_inst/genblk1[0].reg_s_tvalid_reg0                               |
| pe_engine/crossbar_inst/genblk1[0].reg_s_tdata_reg[0][7]                    | CE      | pe_engine/crossbar_inst/genblk1[0].reg_s_tvalid_reg0                               |
| pe_engine/crossbar_inst/genblk1[0].reg_s_tdata_reg[0][8]                    | CE      | pe_engine/crossbar_inst/genblk1[0].reg_s_tvalid_reg0                               |
| pe_engine/crossbar_inst/genblk1[0].reg_s_tdata_reg[0][9]                    | CE      | pe_engine/crossbar_inst/genblk1[0].reg_s_tvalid_reg0                               |
| pe_engine/crossbar_inst/genblk1[0].reg_s_tdata_reg[0][10]                   | CE      | pe_engine/crossbar_inst/genblk1[0].reg_s_tvalid_reg0                               |
| pe_engine/crossbar_inst/genblk1[0].reg_s_tdata_reg[0][11]                   | CE      | pe_engine/crossbar_inst/genblk1[0].reg_s_tvalid_reg0                               |
| pe_engine/crossbar_inst/genblk1[0].reg_s_tdata_reg[0][12]                   | CE      | pe_engine/crossbar_inst/genblk1[0].reg_s_tvalid_reg0                               |
| pe_engine/crossbar_inst/genblk1[0].reg_s_tdata_reg[0][13]                   | CE      | pe_engine/crossbar_inst/genblk1[0].reg_s_tvalid_reg0                               |
| pe_engine/crossbar_inst/genblk1[0].reg_s_tdata_reg[0][14]                   | CE      | pe_engine/crossbar_inst/genblk1[0].reg_s_tvalid_reg0                               |
| pe_engine/crossbar_inst/genblk1[0].reg_s_tdata_reg[0][15]                   | CE      | pe_engine/crossbar_inst/genblk1[0].reg_s_tvalid_reg0                               |
| pe_engine/crossbar_inst/genblk1[0].reg_s_tdata_reg[0][16]                   | CE      | pe_engine/crossbar_inst/genblk1[0].reg_s_tvalid_reg0                               |
| pe_engine/crossbar_inst/genblk1[0].reg_s_tdata_reg[0][17]                   | CE      | pe_engine/crossbar_inst/genblk1[0].reg_s_tvalid_reg0                               |
| pe_engine/crossbar_inst/genblk1[1].reg_s_tdata_reg[1][0]                    | CE      | pe_engine/crossbar_inst/genblk1[1].reg_s_tvalid_reg0                               |
| pe_engine/crossbar_inst/genblk1[1].reg_s_tdata_reg[1][1]                    | CE      | pe_engine/crossbar_inst/genblk1[1].reg_s_tvalid_reg0                               |
| pe_engine/crossbar_inst/genblk1[1].reg_s_tdata_reg[1][2]                    | CE      | pe_engine/crossbar_inst/genblk1[1].reg_s_tvalid_reg0                               |
| pe_engine/crossbar_inst/genblk1[1].reg_s_tdata_reg[1][3]                    | CE      | pe_engine/crossbar_inst/genblk1[1].reg_s_tvalid_reg0                               |
| pe_engine/crossbar_inst/genblk1[1].reg_s_tdata_reg[1][4]                    | CE      | pe_engine/crossbar_inst/genblk1[1].reg_s_tvalid_reg0                               |
| pe_engine/crossbar_inst/genblk1[1].reg_s_tdata_reg[1][5]                    | CE      | pe_engine/crossbar_inst/genblk1[1].reg_s_tvalid_reg0                               |
| pe_engine/crossbar_inst/genblk1[1].reg_s_tdata_reg[1][6]                    | CE      | pe_engine/crossbar_inst/genblk1[1].reg_s_tvalid_reg0                               |
| pe_engine/crossbar_inst/genblk1[1].reg_s_tdata_reg[1][7]                    | CE      | pe_engine/crossbar_inst/genblk1[1].reg_s_tvalid_reg0                               |
| pe_engine/crossbar_inst/genblk1[1].reg_s_tdata_reg[1][8]                    | CE      | pe_engine/crossbar_inst/genblk1[1].reg_s_tvalid_reg0                               |
| pe_engine/crossbar_inst/genblk1[1].reg_s_tdata_reg[1][9]                    | CE      | pe_engine/crossbar_inst/genblk1[1].reg_s_tvalid_reg0                               |
| pe_engine/crossbar_inst/genblk1[1].reg_s_tdata_reg[1][10]                   | CE      | pe_engine/crossbar_inst/genblk1[1].reg_s_tvalid_reg0                               |
| pe_engine/crossbar_inst/genblk1[1].reg_s_tdata_reg[1][11]                   | CE      | pe_engine/crossbar_inst/genblk1[1].reg_s_tvalid_reg0                               |
| pe_engine/crossbar_inst/genblk1[1].reg_s_tdata_reg[1][12]                   | CE      | pe_engine/crossbar_inst/genblk1[1].reg_s_tvalid_reg0                               |
| pe_engine/crossbar_inst/genblk1[1].reg_s_tdata_reg[1][13]                   | CE      | pe_engine/crossbar_inst/genblk1[1].reg_s_tvalid_reg0                               |
| pe_engine/crossbar_inst/genblk1[1].reg_s_tdata_reg[1][14]                   | CE      | pe_engine/crossbar_inst/genblk1[1].reg_s_tvalid_reg0                               |
| pe_engine/crossbar_inst/genblk1[1].reg_s_tdata_reg[1][15]                   | CE      | pe_engine/crossbar_inst/genblk1[1].reg_s_tvalid_reg0                               |
| pe_engine/crossbar_inst/genblk1[1].reg_s_tdata_reg[1][16]                   | CE      | pe_engine/crossbar_inst/genblk1[1].reg_s_tvalid_reg0                               |
| pe_engine/crossbar_inst/genblk1[1].reg_s_tdata_reg[1][17]                   | CE      | pe_engine/crossbar_inst/genblk1[1].reg_s_tvalid_reg0                               |
| pe_engine/crossbar_inst/genblk1[2].reg_s_tdata_reg[2][0]                    | CE      | pe_engine/crossbar_inst/genblk1[2].reg_s_tvalid_reg0                               |
| pe_engine/crossbar_inst/genblk1[2].reg_s_tdata_reg[2][1]                    | CE      | pe_engine/crossbar_inst/genblk1[2].reg_s_tvalid_reg0                               |
| pe_engine/crossbar_inst/genblk1[2].reg_s_tdata_reg[2][2]                    | CE      | pe_engine/crossbar_inst/genblk1[2].reg_s_tvalid_reg0                               |
| pe_engine/crossbar_inst/genblk1[2].reg_s_tdata_reg[2][3]                    | CE      | pe_engine/crossbar_inst/genblk1[2].reg_s_tvalid_reg0                               |
| pe_engine/crossbar_inst/genblk1[2].reg_s_tdata_reg[2][4]                    | CE      | pe_engine/crossbar_inst/genblk1[2].reg_s_tvalid_reg0                               |
| pe_engine/crossbar_inst/genblk1[2].reg_s_tdata_reg[2][5]                    | CE      | pe_engine/crossbar_inst/genblk1[2].reg_s_tvalid_reg0                               |
| pe_engine/crossbar_inst/genblk1[2].reg_s_tdata_reg[2][6]                    | CE      | pe_engine/crossbar_inst/genblk1[2].reg_s_tvalid_reg0                               |
| pe_engine/crossbar_inst/genblk1[2].reg_s_tdata_reg[2][7]                    | CE      | pe_engine/crossbar_inst/genblk1[2].reg_s_tvalid_reg0                               |
| pe_engine/crossbar_inst/genblk1[2].reg_s_tdata_reg[2][8]                    | CE      | pe_engine/crossbar_inst/genblk1[2].reg_s_tvalid_reg0                               |
| pe_engine/crossbar_inst/genblk1[2].reg_s_tdata_reg[2][9]                    | CE      | pe_engine/crossbar_inst/genblk1[2].reg_s_tvalid_reg0                               |
| pe_engine/crossbar_inst/genblk1[2].reg_s_tdata_reg[2][10]                   | CE      | pe_engine/crossbar_inst/genblk1[2].reg_s_tvalid_reg0                               |
| pe_engine/crossbar_inst/genblk1[2].reg_s_tdata_reg[2][11]                   | CE      | pe_engine/crossbar_inst/genblk1[2].reg_s_tvalid_reg0                               |
| pe_engine/crossbar_inst/genblk1[2].reg_s_tdata_reg[2][12]                   | CE      | pe_engine/crossbar_inst/genblk1[2].reg_s_tvalid_reg0                               |
| pe_engine/crossbar_inst/genblk1[2].reg_s_tdata_reg[2][13]                   | CE      | pe_engine/crossbar_inst/genblk1[2].reg_s_tvalid_reg0                               |
| pe_engine/crossbar_inst/genblk1[2].reg_s_tdata_reg[2][14]                   | CE      | pe_engine/crossbar_inst/genblk1[2].reg_s_tvalid_reg0                               |
| pe_engine/crossbar_inst/genblk1[2].reg_s_tdata_reg[2][15]                   | CE      | pe_engine/crossbar_inst/genblk1[2].reg_s_tvalid_reg0                               |
| pe_engine/crossbar_inst/genblk1[2].reg_s_tdata_reg[2][16]                   | CE      | pe_engine/crossbar_inst/genblk1[2].reg_s_tvalid_reg0                               |
| pe_engine/crossbar_inst/genblk1[2].reg_s_tdata_reg[2][17]                   | CE      | pe_engine/crossbar_inst/genblk1[2].reg_s_tvalid_reg0                               |
| pe_engine/crossbar_inst/m_axis_tdata_reg[0]                                 | CE      | pe_engine/crossbar_inst/count                                                      |
| pe_engine/crossbar_inst/m_axis_tdata_reg[1]                                 | CE      | pe_engine/crossbar_inst/count                                                      |
| pe_engine/crossbar_inst/m_axis_tdata_reg[2]                                 | CE      | pe_engine/crossbar_inst/count                                                      |
| pe_engine/crossbar_inst/m_axis_tdata_reg[3]                                 | CE      | pe_engine/crossbar_inst/count                                                      |
| pe_engine/crossbar_inst/m_axis_tdata_reg[4]                                 | CE      | pe_engine/crossbar_inst/count                                                      |
| pe_engine/crossbar_inst/m_axis_tdata_reg[5]                                 | CE      | pe_engine/crossbar_inst/count                                                      |
| pe_engine/crossbar_inst/m_axis_tdata_reg[6]                                 | CE      | pe_engine/crossbar_inst/count                                                      |
| pe_engine/crossbar_inst/m_axis_tdata_reg[7]                                 | CE      | pe_engine/crossbar_inst/count                                                      |
| pe_engine/crossbar_inst/m_axis_tdata_reg[8]                                 | CE      | pe_engine/crossbar_inst/count                                                      |
| pe_engine/crossbar_inst/m_axis_tdata_reg[9]                                 | CE      | pe_engine/crossbar_inst/count                                                      |
| pe_engine/crossbar_inst/m_axis_tdata_reg[10]                                | CE      | pe_engine/crossbar_inst/count                                                      |
| pe_engine/crossbar_inst/m_axis_tdata_reg[11]                                | CE      | pe_engine/crossbar_inst/count                                                      |
| pe_engine/crossbar_inst/m_axis_tdata_reg[12]                                | CE      | pe_engine/crossbar_inst/count                                                      |
| pe_engine/crossbar_inst/m_axis_tdata_reg[13]                                | CE      | pe_engine/crossbar_inst/count                                                      |
| pe_engine/crossbar_inst/m_axis_tdata_reg[14]                                | CE      | pe_engine/crossbar_inst/count                                                      |
| pe_engine/crossbar_inst/m_axis_tdata_reg[15]                                | CE      | pe_engine/crossbar_inst/count                                                      |
| pe_engine/crossbar_inst/m_axis_tdata_reg[16]                                | CE      | pe_engine/crossbar_inst/count                                                      |
| pe_engine/crossbar_inst/m_axis_tdata_reg[17]                                | CE      | pe_engine/crossbar_inst/count                                                      |
| pe_engine/genblk1[0].row_sum_adder/fifo_axis_inst/fifo_inst/dataOut_reg[0]  | CE      | pe_engine/genblk1[0].row_sum_adder/fifo_axis_inst/fifo_inst/dataOut[17]_i_1_n_0    |
| pe_engine/genblk1[0].row_sum_adder/fifo_axis_inst/fifo_inst/dataOut_reg[1]  | CE      | pe_engine/genblk1[0].row_sum_adder/fifo_axis_inst/fifo_inst/dataOut[17]_i_1_n_0    |
| pe_engine/genblk1[0].row_sum_adder/fifo_axis_inst/fifo_inst/dataOut_reg[2]  | CE      | pe_engine/genblk1[0].row_sum_adder/fifo_axis_inst/fifo_inst/dataOut[17]_i_1_n_0    |
| pe_engine/genblk1[0].row_sum_adder/fifo_axis_inst/fifo_inst/dataOut_reg[3]  | CE      | pe_engine/genblk1[0].row_sum_adder/fifo_axis_inst/fifo_inst/dataOut[17]_i_1_n_0    |
| pe_engine/genblk1[0].row_sum_adder/fifo_axis_inst/fifo_inst/dataOut_reg[4]  | CE      | pe_engine/genblk1[0].row_sum_adder/fifo_axis_inst/fifo_inst/dataOut[17]_i_1_n_0    |
| pe_engine/genblk1[0].row_sum_adder/fifo_axis_inst/fifo_inst/dataOut_reg[5]  | CE      | pe_engine/genblk1[0].row_sum_adder/fifo_axis_inst/fifo_inst/dataOut[17]_i_1_n_0    |
| pe_engine/genblk1[0].row_sum_adder/fifo_axis_inst/fifo_inst/dataOut_reg[6]  | CE      | pe_engine/genblk1[0].row_sum_adder/fifo_axis_inst/fifo_inst/dataOut[17]_i_1_n_0    |
| pe_engine/genblk1[0].row_sum_adder/fifo_axis_inst/fifo_inst/dataOut_reg[7]  | CE      | pe_engine/genblk1[0].row_sum_adder/fifo_axis_inst/fifo_inst/dataOut[17]_i_1_n_0    |
| pe_engine/genblk1[0].row_sum_adder/fifo_axis_inst/fifo_inst/dataOut_reg[8]  | CE      | pe_engine/genblk1[0].row_sum_adder/fifo_axis_inst/fifo_inst/dataOut[17]_i_1_n_0    |
| pe_engine/genblk1[0].row_sum_adder/fifo_axis_inst/fifo_inst/dataOut_reg[9]  | CE      | pe_engine/genblk1[0].row_sum_adder/fifo_axis_inst/fifo_inst/dataOut[17]_i_1_n_0    |
| pe_engine/genblk1[0].row_sum_adder/fifo_axis_inst/fifo_inst/dataOut_reg[10] | CE      | pe_engine/genblk1[0].row_sum_adder/fifo_axis_inst/fifo_inst/dataOut[17]_i_1_n_0    |
| pe_engine/genblk1[0].row_sum_adder/fifo_axis_inst/fifo_inst/dataOut_reg[11] | CE      | pe_engine/genblk1[0].row_sum_adder/fifo_axis_inst/fifo_inst/dataOut[17]_i_1_n_0    |
| pe_engine/genblk1[0].row_sum_adder/fifo_axis_inst/fifo_inst/dataOut_reg[12] | CE      | pe_engine/genblk1[0].row_sum_adder/fifo_axis_inst/fifo_inst/dataOut[17]_i_1_n_0    |
| pe_engine/genblk1[0].row_sum_adder/fifo_axis_inst/fifo_inst/dataOut_reg[13] | CE      | pe_engine/genblk1[0].row_sum_adder/fifo_axis_inst/fifo_inst/dataOut[17]_i_1_n_0    |
| pe_engine/genblk1[0].row_sum_adder/fifo_axis_inst/fifo_inst/dataOut_reg[14] | CE      | pe_engine/genblk1[0].row_sum_adder/fifo_axis_inst/fifo_inst/dataOut[17]_i_1_n_0    |
| pe_engine/genblk1[0].row_sum_adder/fifo_axis_inst/fifo_inst/dataOut_reg[15] | CE      | pe_engine/genblk1[0].row_sum_adder/fifo_axis_inst/fifo_inst/dataOut[17]_i_1_n_0    |
| pe_engine/genblk1[0].row_sum_adder/fifo_axis_inst/fifo_inst/dataOut_reg[16] | CE      | pe_engine/genblk1[0].row_sum_adder/fifo_axis_inst/fifo_inst/dataOut[17]_i_1_n_0    |
| pe_engine/genblk1[0].row_sum_adder/fifo_axis_inst/fifo_inst/dataOut_reg[17] | CE      | pe_engine/genblk1[0].row_sum_adder/fifo_axis_inst/fifo_inst/dataOut[17]_i_1_n_0    |
| pe_engine/genblk1[0].row_sum_adder/fifo_axis_inst/fifo_inst/rd_addr_reg[0]  | CE      | pe_engine/genblk1[0].row_sum_adder/fifo_axis_inst/fifo_inst/E[0]                   |
| pe_engine/genblk1[0].row_sum_adder/fifo_axis_inst/fifo_inst/rd_addr_reg[1]  | CE      | pe_engine/genblk1[0].row_sum_adder/fifo_axis_inst/fifo_inst/E[0]                   |
| pe_engine/genblk1[0].row_sum_adder/fifo_axis_inst/fifo_inst/rd_addr_reg[2]  | CE      | pe_engine/genblk1[0].row_sum_adder/fifo_axis_inst/fifo_inst/E[0]                   |
| pe_engine/genblk1[0].row_sum_adder/genblk1[0].tree_en_reg[1]                | CE      | pe_engine/genblk1[0].row_sum_adder/pipe_en                                         |
| pe_engine/genblk1[0].row_sum_adder/genblk1[0].tree_flat_reg[3][0]           | CE      | pe_engine/genblk1[0].row_sum_adder/pipe_en                                         |
| pe_engine/genblk1[0].row_sum_adder/genblk1[0].tree_flat_reg[3][1]           | CE      | pe_engine/genblk1[0].row_sum_adder/pipe_en                                         |
| pe_engine/genblk1[0].row_sum_adder/genblk1[0].tree_flat_reg[3][2]           | CE      | pe_engine/genblk1[0].row_sum_adder/pipe_en                                         |
| pe_engine/genblk1[0].row_sum_adder/genblk1[0].tree_flat_reg[3][3]           | CE      | pe_engine/genblk1[0].row_sum_adder/pipe_en                                         |
| pe_engine/genblk1[0].row_sum_adder/genblk1[0].tree_flat_reg[3][4]           | CE      | pe_engine/genblk1[0].row_sum_adder/pipe_en                                         |
| pe_engine/genblk1[0].row_sum_adder/genblk1[0].tree_flat_reg[3][5]           | CE      | pe_engine/genblk1[0].row_sum_adder/pipe_en                                         |
| pe_engine/genblk1[0].row_sum_adder/genblk1[0].tree_flat_reg[3][6]           | CE      | pe_engine/genblk1[0].row_sum_adder/pipe_en                                         |
| pe_engine/genblk1[0].row_sum_adder/genblk1[0].tree_flat_reg[3][7]           | CE      | pe_engine/genblk1[0].row_sum_adder/pipe_en                                         |
| pe_engine/genblk1[0].row_sum_adder/genblk1[0].tree_flat_reg[3][8]           | CE      | pe_engine/genblk1[0].row_sum_adder/pipe_en                                         |
| pe_engine/genblk1[0].row_sum_adder/genblk1[0].tree_flat_reg[3][9]           | CE      | pe_engine/genblk1[0].row_sum_adder/pipe_en                                         |
| pe_engine/genblk1[0].row_sum_adder/genblk1[0].tree_flat_reg[3][10]          | CE      | pe_engine/genblk1[0].row_sum_adder/pipe_en                                         |
| pe_engine/genblk1[0].row_sum_adder/genblk1[0].tree_flat_reg[3][11]          | CE      | pe_engine/genblk1[0].row_sum_adder/pipe_en                                         |
| pe_engine/genblk1[0].row_sum_adder/genblk1[0].tree_flat_reg[3][12]          | CE      | pe_engine/genblk1[0].row_sum_adder/pipe_en                                         |
| pe_engine/genblk1[0].row_sum_adder/genblk1[0].tree_flat_reg[3][13]          | CE      | pe_engine/genblk1[0].row_sum_adder/pipe_en                                         |
| pe_engine/genblk1[0].row_sum_adder/genblk1[0].tree_flat_reg[3][14]          | CE      | pe_engine/genblk1[0].row_sum_adder/pipe_en                                         |
| pe_engine/genblk1[0].row_sum_adder/genblk1[0].tree_flat_reg[3][15]          | CE      | pe_engine/genblk1[0].row_sum_adder/pipe_en                                         |
| pe_engine/genblk1[0].row_sum_adder/genblk1[0].tree_flat_reg[3][16]          | CE      | pe_engine/genblk1[0].row_sum_adder/pipe_en                                         |
| pe_engine/genblk1[0].row_sum_adder/genblk1[0].tree_flat_reg[4][0]           | CE      | pe_engine/genblk1[0].row_sum_adder/pipe_en                                         |
| pe_engine/genblk1[0].row_sum_adder/genblk1[0].tree_flat_reg[4][1]           | CE      | pe_engine/genblk1[0].row_sum_adder/pipe_en                                         |
| pe_engine/genblk1[0].row_sum_adder/genblk1[0].tree_flat_reg[4][2]           | CE      | pe_engine/genblk1[0].row_sum_adder/pipe_en                                         |
| pe_engine/genblk1[0].row_sum_adder/genblk1[0].tree_flat_reg[4][3]           | CE      | pe_engine/genblk1[0].row_sum_adder/pipe_en                                         |
| pe_engine/genblk1[0].row_sum_adder/genblk1[0].tree_flat_reg[4][4]           | CE      | pe_engine/genblk1[0].row_sum_adder/pipe_en                                         |
| pe_engine/genblk1[0].row_sum_adder/genblk1[0].tree_flat_reg[4][5]           | CE      | pe_engine/genblk1[0].row_sum_adder/pipe_en                                         |
| pe_engine/genblk1[0].row_sum_adder/genblk1[0].tree_flat_reg[4][6]           | CE      | pe_engine/genblk1[0].row_sum_adder/pipe_en                                         |
| pe_engine/genblk1[0].row_sum_adder/genblk1[0].tree_flat_reg[4][7]           | CE      | pe_engine/genblk1[0].row_sum_adder/pipe_en                                         |
| pe_engine/genblk1[0].row_sum_adder/genblk1[0].tree_flat_reg[4][8]           | CE      | pe_engine/genblk1[0].row_sum_adder/pipe_en                                         |
| pe_engine/genblk1[0].row_sum_adder/genblk1[0].tree_flat_reg[4][9]           | CE      | pe_engine/genblk1[0].row_sum_adder/pipe_en                                         |
| pe_engine/genblk1[0].row_sum_adder/genblk1[0].tree_flat_reg[4][10]          | CE      | pe_engine/genblk1[0].row_sum_adder/pipe_en                                         |
| pe_engine/genblk1[0].row_sum_adder/genblk1[0].tree_flat_reg[4][11]          | CE      | pe_engine/genblk1[0].row_sum_adder/pipe_en                                         |
| pe_engine/genblk1[0].row_sum_adder/genblk1[0].tree_flat_reg[4][12]          | CE      | pe_engine/genblk1[0].row_sum_adder/pipe_en                                         |
| pe_engine/genblk1[0].row_sum_adder/genblk1[0].tree_flat_reg[4][13]          | CE      | pe_engine/genblk1[0].row_sum_adder/pipe_en                                         |
| pe_engine/genblk1[0].row_sum_adder/genblk1[0].tree_flat_reg[4][14]          | CE      | pe_engine/genblk1[0].row_sum_adder/pipe_en                                         |
| pe_engine/genblk1[0].row_sum_adder/genblk1[0].tree_flat_reg[4][15]          | CE      | pe_engine/genblk1[0].row_sum_adder/pipe_en                                         |
| pe_engine/genblk1[0].row_sum_adder/genblk1[1].tree_en_reg[2]                | CE      | pe_engine/genblk1[0].row_sum_adder/pipe_en                                         |
| pe_engine/genblk1[0].row_sum_adder/genblk1[1].tree_flat_reg[6][0]           | CE      | pe_engine/genblk1[0].row_sum_adder/pipe_en                                         |
| pe_engine/genblk1[0].row_sum_adder/genblk1[1].tree_flat_reg[6][1]           | CE      | pe_engine/genblk1[0].row_sum_adder/pipe_en                                         |
| pe_engine/genblk1[0].row_sum_adder/genblk1[1].tree_flat_reg[6][2]           | CE      | pe_engine/genblk1[0].row_sum_adder/pipe_en                                         |
| pe_engine/genblk1[0].row_sum_adder/genblk1[1].tree_flat_reg[6][3]           | CE      | pe_engine/genblk1[0].row_sum_adder/pipe_en                                         |
| pe_engine/genblk1[0].row_sum_adder/genblk1[1].tree_flat_reg[6][4]           | CE      | pe_engine/genblk1[0].row_sum_adder/pipe_en                                         |
| pe_engine/genblk1[0].row_sum_adder/genblk1[1].tree_flat_reg[6][5]           | CE      | pe_engine/genblk1[0].row_sum_adder/pipe_en                                         |
| pe_engine/genblk1[0].row_sum_adder/genblk1[1].tree_flat_reg[6][6]           | CE      | pe_engine/genblk1[0].row_sum_adder/pipe_en                                         |
| pe_engine/genblk1[0].row_sum_adder/genblk1[1].tree_flat_reg[6][7]           | CE      | pe_engine/genblk1[0].row_sum_adder/pipe_en                                         |
| pe_engine/genblk1[0].row_sum_adder/genblk1[1].tree_flat_reg[6][8]           | CE      | pe_engine/genblk1[0].row_sum_adder/pipe_en                                         |
| pe_engine/genblk1[0].row_sum_adder/genblk1[1].tree_flat_reg[6][9]           | CE      | pe_engine/genblk1[0].row_sum_adder/pipe_en                                         |
| pe_engine/genblk1[0].row_sum_adder/genblk1[1].tree_flat_reg[6][10]          | CE      | pe_engine/genblk1[0].row_sum_adder/pipe_en                                         |
| pe_engine/genblk1[0].row_sum_adder/genblk1[1].tree_flat_reg[6][11]          | CE      | pe_engine/genblk1[0].row_sum_adder/pipe_en                                         |
| pe_engine/genblk1[0].row_sum_adder/genblk1[1].tree_flat_reg[6][12]          | CE      | pe_engine/genblk1[0].row_sum_adder/pipe_en                                         |
| pe_engine/genblk1[0].row_sum_adder/genblk1[1].tree_flat_reg[6][13]          | CE      | pe_engine/genblk1[0].row_sum_adder/pipe_en                                         |
| pe_engine/genblk1[0].row_sum_adder/genblk1[1].tree_flat_reg[6][14]          | CE      | pe_engine/genblk1[0].row_sum_adder/pipe_en                                         |
| pe_engine/genblk1[0].row_sum_adder/genblk1[1].tree_flat_reg[6][15]          | CE      | pe_engine/genblk1[0].row_sum_adder/pipe_en                                         |
| pe_engine/genblk1[0].row_sum_adder/genblk1[1].tree_flat_reg[6][16]          | CE      | pe_engine/genblk1[0].row_sum_adder/pipe_en                                         |
| pe_engine/genblk1[0].row_sum_adder/genblk1[1].tree_flat_reg[6][17]          | CE      | pe_engine/genblk1[0].row_sum_adder/pipe_en                                         |
| pe_engine/genblk1[0].row_sum_adder/tree_en_reg[0]                           | CE      | pe_engine/genblk1[0].row_sum_adder/pipe_en                                         |
| pe_engine/genblk1[1].row_sum_adder/fifo_axis_inst/fifo_inst/dataOut_reg[0]  | CE      | pe_engine/genblk1[1].row_sum_adder/fifo_axis_inst/fifo_inst/dataOut[17]_i_1__1_n_0 |
| pe_engine/genblk1[1].row_sum_adder/fifo_axis_inst/fifo_inst/dataOut_reg[1]  | CE      | pe_engine/genblk1[1].row_sum_adder/fifo_axis_inst/fifo_inst/dataOut[17]_i_1__1_n_0 |
| pe_engine/genblk1[1].row_sum_adder/fifo_axis_inst/fifo_inst/dataOut_reg[2]  | CE      | pe_engine/genblk1[1].row_sum_adder/fifo_axis_inst/fifo_inst/dataOut[17]_i_1__1_n_0 |
| pe_engine/genblk1[1].row_sum_adder/fifo_axis_inst/fifo_inst/dataOut_reg[3]  | CE      | pe_engine/genblk1[1].row_sum_adder/fifo_axis_inst/fifo_inst/dataOut[17]_i_1__1_n_0 |
| pe_engine/genblk1[1].row_sum_adder/fifo_axis_inst/fifo_inst/dataOut_reg[4]  | CE      | pe_engine/genblk1[1].row_sum_adder/fifo_axis_inst/fifo_inst/dataOut[17]_i_1__1_n_0 |
| pe_engine/genblk1[1].row_sum_adder/fifo_axis_inst/fifo_inst/dataOut_reg[5]  | CE      | pe_engine/genblk1[1].row_sum_adder/fifo_axis_inst/fifo_inst/dataOut[17]_i_1__1_n_0 |
| pe_engine/genblk1[1].row_sum_adder/fifo_axis_inst/fifo_inst/dataOut_reg[6]  | CE      | pe_engine/genblk1[1].row_sum_adder/fifo_axis_inst/fifo_inst/dataOut[17]_i_1__1_n_0 |
| pe_engine/genblk1[1].row_sum_adder/fifo_axis_inst/fifo_inst/dataOut_reg[7]  | CE      | pe_engine/genblk1[1].row_sum_adder/fifo_axis_inst/fifo_inst/dataOut[17]_i_1__1_n_0 |
| pe_engine/genblk1[1].row_sum_adder/fifo_axis_inst/fifo_inst/dataOut_reg[8]  | CE      | pe_engine/genblk1[1].row_sum_adder/fifo_axis_inst/fifo_inst/dataOut[17]_i_1__1_n_0 |
| pe_engine/genblk1[1].row_sum_adder/fifo_axis_inst/fifo_inst/dataOut_reg[9]  | CE      | pe_engine/genblk1[1].row_sum_adder/fifo_axis_inst/fifo_inst/dataOut[17]_i_1__1_n_0 |
| pe_engine/genblk1[1].row_sum_adder/fifo_axis_inst/fifo_inst/dataOut_reg[10] | CE      | pe_engine/genblk1[1].row_sum_adder/fifo_axis_inst/fifo_inst/dataOut[17]_i_1__1_n_0 |
| pe_engine/genblk1[1].row_sum_adder/fifo_axis_inst/fifo_inst/dataOut_reg[11] | CE      | pe_engine/genblk1[1].row_sum_adder/fifo_axis_inst/fifo_inst/dataOut[17]_i_1__1_n_0 |
| pe_engine/genblk1[1].row_sum_adder/fifo_axis_inst/fifo_inst/dataOut_reg[12] | CE      | pe_engine/genblk1[1].row_sum_adder/fifo_axis_inst/fifo_inst/dataOut[17]_i_1__1_n_0 |
| pe_engine/genblk1[1].row_sum_adder/fifo_axis_inst/fifo_inst/dataOut_reg[13] | CE      | pe_engine/genblk1[1].row_sum_adder/fifo_axis_inst/fifo_inst/dataOut[17]_i_1__1_n_0 |
| pe_engine/genblk1[1].row_sum_adder/fifo_axis_inst/fifo_inst/dataOut_reg[14] | CE      | pe_engine/genblk1[1].row_sum_adder/fifo_axis_inst/fifo_inst/dataOut[17]_i_1__1_n_0 |
| pe_engine/genblk1[1].row_sum_adder/fifo_axis_inst/fifo_inst/dataOut_reg[15] | CE      | pe_engine/genblk1[1].row_sum_adder/fifo_axis_inst/fifo_inst/dataOut[17]_i_1__1_n_0 |
| pe_engine/genblk1[1].row_sum_adder/fifo_axis_inst/fifo_inst/dataOut_reg[16] | CE      | pe_engine/genblk1[1].row_sum_adder/fifo_axis_inst/fifo_inst/dataOut[17]_i_1__1_n_0 |
| pe_engine/genblk1[1].row_sum_adder/fifo_axis_inst/fifo_inst/dataOut_reg[17] | CE      | pe_engine/genblk1[1].row_sum_adder/fifo_axis_inst/fifo_inst/dataOut[17]_i_1__1_n_0 |
| pe_engine/genblk1[1].row_sum_adder/fifo_axis_inst/fifo_inst/rd_addr_reg[0]  | CE      | pe_engine/genblk1[1].row_sum_adder/fifo_axis_inst/fifo_inst/E[0]                   |
| pe_engine/genblk1[1].row_sum_adder/fifo_axis_inst/fifo_inst/rd_addr_reg[1]  | CE      | pe_engine/genblk1[1].row_sum_adder/fifo_axis_inst/fifo_inst/E[0]                   |
| pe_engine/genblk1[1].row_sum_adder/fifo_axis_inst/fifo_inst/rd_addr_reg[2]  | CE      | pe_engine/genblk1[1].row_sum_adder/fifo_axis_inst/fifo_inst/E[0]                   |
| pe_engine/genblk1[1].row_sum_adder/genblk1[0].tree_en_reg[1]                | CE      | pe_engine/genblk1[1].row_sum_adder/pipe_en                                         |
| pe_engine/genblk1[1].row_sum_adder/genblk1[0].tree_flat_reg[3][0]           | CE      | pe_engine/genblk1[1].row_sum_adder/pipe_en                                         |
| pe_engine/genblk1[1].row_sum_adder/genblk1[0].tree_flat_reg[3][1]           | CE      | pe_engine/genblk1[1].row_sum_adder/pipe_en                                         |
| pe_engine/genblk1[1].row_sum_adder/genblk1[0].tree_flat_reg[3][2]           | CE      | pe_engine/genblk1[1].row_sum_adder/pipe_en                                         |
| pe_engine/genblk1[1].row_sum_adder/genblk1[0].tree_flat_reg[3][3]           | CE      | pe_engine/genblk1[1].row_sum_adder/pipe_en                                         |
| pe_engine/genblk1[1].row_sum_adder/genblk1[0].tree_flat_reg[3][4]           | CE      | pe_engine/genblk1[1].row_sum_adder/pipe_en                                         |
| pe_engine/genblk1[1].row_sum_adder/genblk1[0].tree_flat_reg[3][5]           | CE      | pe_engine/genblk1[1].row_sum_adder/pipe_en                                         |
| pe_engine/genblk1[1].row_sum_adder/genblk1[0].tree_flat_reg[3][6]           | CE      | pe_engine/genblk1[1].row_sum_adder/pipe_en                                         |
| pe_engine/genblk1[1].row_sum_adder/genblk1[0].tree_flat_reg[3][7]           | CE      | pe_engine/genblk1[1].row_sum_adder/pipe_en                                         |
| pe_engine/genblk1[1].row_sum_adder/genblk1[0].tree_flat_reg[3][8]           | CE      | pe_engine/genblk1[1].row_sum_adder/pipe_en                                         |
| pe_engine/genblk1[1].row_sum_adder/genblk1[0].tree_flat_reg[3][9]           | CE      | pe_engine/genblk1[1].row_sum_adder/pipe_en                                         |
| pe_engine/genblk1[1].row_sum_adder/genblk1[0].tree_flat_reg[3][10]          | CE      | pe_engine/genblk1[1].row_sum_adder/pipe_en                                         |
| pe_engine/genblk1[1].row_sum_adder/genblk1[0].tree_flat_reg[3][11]          | CE      | pe_engine/genblk1[1].row_sum_adder/pipe_en                                         |
| pe_engine/genblk1[1].row_sum_adder/genblk1[0].tree_flat_reg[3][12]          | CE      | pe_engine/genblk1[1].row_sum_adder/pipe_en                                         |
| pe_engine/genblk1[1].row_sum_adder/genblk1[0].tree_flat_reg[3][13]          | CE      | pe_engine/genblk1[1].row_sum_adder/pipe_en                                         |
| pe_engine/genblk1[1].row_sum_adder/genblk1[0].tree_flat_reg[3][14]          | CE      | pe_engine/genblk1[1].row_sum_adder/pipe_en                                         |
| pe_engine/genblk1[1].row_sum_adder/genblk1[0].tree_flat_reg[3][15]          | CE      | pe_engine/genblk1[1].row_sum_adder/pipe_en                                         |
| pe_engine/genblk1[1].row_sum_adder/genblk1[0].tree_flat_reg[3][16]          | CE      | pe_engine/genblk1[1].row_sum_adder/pipe_en                                         |
| pe_engine/genblk1[1].row_sum_adder/genblk1[0].tree_flat_reg[4][0]           | CE      | pe_engine/genblk1[1].row_sum_adder/pipe_en                                         |
| pe_engine/genblk1[1].row_sum_adder/genblk1[0].tree_flat_reg[4][1]           | CE      | pe_engine/genblk1[1].row_sum_adder/pipe_en                                         |
| pe_engine/genblk1[1].row_sum_adder/genblk1[0].tree_flat_reg[4][2]           | CE      | pe_engine/genblk1[1].row_sum_adder/pipe_en                                         |
| pe_engine/genblk1[1].row_sum_adder/genblk1[0].tree_flat_reg[4][3]           | CE      | pe_engine/genblk1[1].row_sum_adder/pipe_en                                         |
| pe_engine/genblk1[1].row_sum_adder/genblk1[0].tree_flat_reg[4][4]           | CE      | pe_engine/genblk1[1].row_sum_adder/pipe_en                                         |
| pe_engine/genblk1[1].row_sum_adder/genblk1[0].tree_flat_reg[4][5]           | CE      | pe_engine/genblk1[1].row_sum_adder/pipe_en                                         |
| pe_engine/genblk1[1].row_sum_adder/genblk1[0].tree_flat_reg[4][6]           | CE      | pe_engine/genblk1[1].row_sum_adder/pipe_en                                         |
| pe_engine/genblk1[1].row_sum_adder/genblk1[0].tree_flat_reg[4][7]           | CE      | pe_engine/genblk1[1].row_sum_adder/pipe_en                                         |
| pe_engine/genblk1[1].row_sum_adder/genblk1[0].tree_flat_reg[4][8]           | CE      | pe_engine/genblk1[1].row_sum_adder/pipe_en                                         |
| pe_engine/genblk1[1].row_sum_adder/genblk1[0].tree_flat_reg[4][9]           | CE      | pe_engine/genblk1[1].row_sum_adder/pipe_en                                         |
| pe_engine/genblk1[1].row_sum_adder/genblk1[0].tree_flat_reg[4][10]          | CE      | pe_engine/genblk1[1].row_sum_adder/pipe_en                                         |
| pe_engine/genblk1[1].row_sum_adder/genblk1[0].tree_flat_reg[4][11]          | CE      | pe_engine/genblk1[1].row_sum_adder/pipe_en                                         |
| pe_engine/genblk1[1].row_sum_adder/genblk1[0].tree_flat_reg[4][12]          | CE      | pe_engine/genblk1[1].row_sum_adder/pipe_en                                         |
| pe_engine/genblk1[1].row_sum_adder/genblk1[0].tree_flat_reg[4][13]          | CE      | pe_engine/genblk1[1].row_sum_adder/pipe_en                                         |
| pe_engine/genblk1[1].row_sum_adder/genblk1[0].tree_flat_reg[4][14]          | CE      | pe_engine/genblk1[1].row_sum_adder/pipe_en                                         |
| pe_engine/genblk1[1].row_sum_adder/genblk1[0].tree_flat_reg[4][15]          | CE      | pe_engine/genblk1[1].row_sum_adder/pipe_en                                         |
| pe_engine/genblk1[1].row_sum_adder/genblk1[1].tree_en_reg[2]                | CE      | pe_engine/genblk1[1].row_sum_adder/pipe_en                                         |
| pe_engine/genblk1[1].row_sum_adder/genblk1[1].tree_flat_reg[6][0]           | CE      | pe_engine/genblk1[1].row_sum_adder/pipe_en                                         |
| pe_engine/genblk1[1].row_sum_adder/genblk1[1].tree_flat_reg[6][1]           | CE      | pe_engine/genblk1[1].row_sum_adder/pipe_en                                         |
| pe_engine/genblk1[1].row_sum_adder/genblk1[1].tree_flat_reg[6][2]           | CE      | pe_engine/genblk1[1].row_sum_adder/pipe_en                                         |
| pe_engine/genblk1[1].row_sum_adder/genblk1[1].tree_flat_reg[6][3]           | CE      | pe_engine/genblk1[1].row_sum_adder/pipe_en                                         |
| pe_engine/genblk1[1].row_sum_adder/genblk1[1].tree_flat_reg[6][4]           | CE      | pe_engine/genblk1[1].row_sum_adder/pipe_en                                         |
| pe_engine/genblk1[1].row_sum_adder/genblk1[1].tree_flat_reg[6][5]           | CE      | pe_engine/genblk1[1].row_sum_adder/pipe_en                                         |
| pe_engine/genblk1[1].row_sum_adder/genblk1[1].tree_flat_reg[6][6]           | CE      | pe_engine/genblk1[1].row_sum_adder/pipe_en                                         |
| pe_engine/genblk1[1].row_sum_adder/genblk1[1].tree_flat_reg[6][7]           | CE      | pe_engine/genblk1[1].row_sum_adder/pipe_en                                         |
| pe_engine/genblk1[1].row_sum_adder/genblk1[1].tree_flat_reg[6][8]           | CE      | pe_engine/genblk1[1].row_sum_adder/pipe_en                                         |
| pe_engine/genblk1[1].row_sum_adder/genblk1[1].tree_flat_reg[6][9]           | CE      | pe_engine/genblk1[1].row_sum_adder/pipe_en                                         |
| pe_engine/genblk1[1].row_sum_adder/genblk1[1].tree_flat_reg[6][10]          | CE      | pe_engine/genblk1[1].row_sum_adder/pipe_en                                         |
| pe_engine/genblk1[1].row_sum_adder/genblk1[1].tree_flat_reg[6][11]          | CE      | pe_engine/genblk1[1].row_sum_adder/pipe_en                                         |
| pe_engine/genblk1[1].row_sum_adder/genblk1[1].tree_flat_reg[6][12]          | CE      | pe_engine/genblk1[1].row_sum_adder/pipe_en                                         |
| pe_engine/genblk1[1].row_sum_adder/genblk1[1].tree_flat_reg[6][13]          | CE      | pe_engine/genblk1[1].row_sum_adder/pipe_en                                         |
| pe_engine/genblk1[1].row_sum_adder/genblk1[1].tree_flat_reg[6][14]          | CE      | pe_engine/genblk1[1].row_sum_adder/pipe_en                                         |
| pe_engine/genblk1[1].row_sum_adder/genblk1[1].tree_flat_reg[6][15]          | CE      | pe_engine/genblk1[1].row_sum_adder/pipe_en                                         |
| pe_engine/genblk1[1].row_sum_adder/genblk1[1].tree_flat_reg[6][16]          | CE      | pe_engine/genblk1[1].row_sum_adder/pipe_en                                         |
| pe_engine/genblk1[1].row_sum_adder/genblk1[1].tree_flat_reg[6][17]          | CE      | pe_engine/genblk1[1].row_sum_adder/pipe_en                                         |
| pe_engine/genblk1[1].row_sum_adder/tree_en_reg[0]                           | CE      | pe_engine/genblk1[1].row_sum_adder/pipe_en                                         |
| pe_engine/genblk1[2].row_sum_adder/fifo_axis_inst/fifo_inst/dataOut_reg[0]  | CE      | pe_engine/genblk1[2].row_sum_adder/fifo_axis_inst/fifo_inst/dataOut[17]_i_1__0_n_0 |
| pe_engine/genblk1[2].row_sum_adder/fifo_axis_inst/fifo_inst/dataOut_reg[1]  | CE      | pe_engine/genblk1[2].row_sum_adder/fifo_axis_inst/fifo_inst/dataOut[17]_i_1__0_n_0 |
| pe_engine/genblk1[2].row_sum_adder/fifo_axis_inst/fifo_inst/dataOut_reg[2]  | CE      | pe_engine/genblk1[2].row_sum_adder/fifo_axis_inst/fifo_inst/dataOut[17]_i_1__0_n_0 |
| pe_engine/genblk1[2].row_sum_adder/fifo_axis_inst/fifo_inst/dataOut_reg[3]  | CE      | pe_engine/genblk1[2].row_sum_adder/fifo_axis_inst/fifo_inst/dataOut[17]_i_1__0_n_0 |
| pe_engine/genblk1[2].row_sum_adder/fifo_axis_inst/fifo_inst/dataOut_reg[4]  | CE      | pe_engine/genblk1[2].row_sum_adder/fifo_axis_inst/fifo_inst/dataOut[17]_i_1__0_n_0 |
| pe_engine/genblk1[2].row_sum_adder/fifo_axis_inst/fifo_inst/dataOut_reg[5]  | CE      | pe_engine/genblk1[2].row_sum_adder/fifo_axis_inst/fifo_inst/dataOut[17]_i_1__0_n_0 |
| pe_engine/genblk1[2].row_sum_adder/fifo_axis_inst/fifo_inst/dataOut_reg[6]  | CE      | pe_engine/genblk1[2].row_sum_adder/fifo_axis_inst/fifo_inst/dataOut[17]_i_1__0_n_0 |
| pe_engine/genblk1[2].row_sum_adder/fifo_axis_inst/fifo_inst/dataOut_reg[7]  | CE      | pe_engine/genblk1[2].row_sum_adder/fifo_axis_inst/fifo_inst/dataOut[17]_i_1__0_n_0 |
| pe_engine/genblk1[2].row_sum_adder/fifo_axis_inst/fifo_inst/dataOut_reg[8]  | CE      | pe_engine/genblk1[2].row_sum_adder/fifo_axis_inst/fifo_inst/dataOut[17]_i_1__0_n_0 |
| pe_engine/genblk1[2].row_sum_adder/fifo_axis_inst/fifo_inst/dataOut_reg[9]  | CE      | pe_engine/genblk1[2].row_sum_adder/fifo_axis_inst/fifo_inst/dataOut[17]_i_1__0_n_0 |
| pe_engine/genblk1[2].row_sum_adder/fifo_axis_inst/fifo_inst/dataOut_reg[10] | CE      | pe_engine/genblk1[2].row_sum_adder/fifo_axis_inst/fifo_inst/dataOut[17]_i_1__0_n_0 |
| pe_engine/genblk1[2].row_sum_adder/fifo_axis_inst/fifo_inst/dataOut_reg[11] | CE      | pe_engine/genblk1[2].row_sum_adder/fifo_axis_inst/fifo_inst/dataOut[17]_i_1__0_n_0 |
| pe_engine/genblk1[2].row_sum_adder/fifo_axis_inst/fifo_inst/dataOut_reg[12] | CE      | pe_engine/genblk1[2].row_sum_adder/fifo_axis_inst/fifo_inst/dataOut[17]_i_1__0_n_0 |
| pe_engine/genblk1[2].row_sum_adder/fifo_axis_inst/fifo_inst/dataOut_reg[13] | CE      | pe_engine/genblk1[2].row_sum_adder/fifo_axis_inst/fifo_inst/dataOut[17]_i_1__0_n_0 |
| pe_engine/genblk1[2].row_sum_adder/fifo_axis_inst/fifo_inst/dataOut_reg[14] | CE      | pe_engine/genblk1[2].row_sum_adder/fifo_axis_inst/fifo_inst/dataOut[17]_i_1__0_n_0 |
| pe_engine/genblk1[2].row_sum_adder/fifo_axis_inst/fifo_inst/dataOut_reg[15] | CE      | pe_engine/genblk1[2].row_sum_adder/fifo_axis_inst/fifo_inst/dataOut[17]_i_1__0_n_0 |
| pe_engine/genblk1[2].row_sum_adder/fifo_axis_inst/fifo_inst/dataOut_reg[16] | CE      | pe_engine/genblk1[2].row_sum_adder/fifo_axis_inst/fifo_inst/dataOut[17]_i_1__0_n_0 |
| pe_engine/genblk1[2].row_sum_adder/fifo_axis_inst/fifo_inst/dataOut_reg[17] | CE      | pe_engine/genblk1[2].row_sum_adder/fifo_axis_inst/fifo_inst/dataOut[17]_i_1__0_n_0 |
| pe_engine/genblk1[2].row_sum_adder/fifo_axis_inst/fifo_inst/rd_addr_reg[0]  | CE      | pe_engine/genblk1[2].row_sum_adder/fifo_axis_inst/fifo_inst/E[0]                   |
| pe_engine/genblk1[2].row_sum_adder/fifo_axis_inst/fifo_inst/rd_addr_reg[1]  | CE      | pe_engine/genblk1[2].row_sum_adder/fifo_axis_inst/fifo_inst/E[0]                   |
| pe_engine/genblk1[2].row_sum_adder/fifo_axis_inst/fifo_inst/rd_addr_reg[2]  | CE      | pe_engine/genblk1[2].row_sum_adder/fifo_axis_inst/fifo_inst/E[0]                   |
| pe_engine/genblk1[2].row_sum_adder/genblk1[0].tree_en_reg[1]                | CE      | pe_engine/genblk1[2].row_sum_adder/pipe_en                                         |
| pe_engine/genblk1[2].row_sum_adder/genblk1[0].tree_flat_reg[3][0]           | CE      | pe_engine/genblk1[2].row_sum_adder/pipe_en                                         |
| pe_engine/genblk1[2].row_sum_adder/genblk1[0].tree_flat_reg[3][1]           | CE      | pe_engine/genblk1[2].row_sum_adder/pipe_en                                         |
| pe_engine/genblk1[2].row_sum_adder/genblk1[0].tree_flat_reg[3][2]           | CE      | pe_engine/genblk1[2].row_sum_adder/pipe_en                                         |
| pe_engine/genblk1[2].row_sum_adder/genblk1[0].tree_flat_reg[3][3]           | CE      | pe_engine/genblk1[2].row_sum_adder/pipe_en                                         |
| pe_engine/genblk1[2].row_sum_adder/genblk1[0].tree_flat_reg[3][4]           | CE      | pe_engine/genblk1[2].row_sum_adder/pipe_en                                         |
| pe_engine/genblk1[2].row_sum_adder/genblk1[0].tree_flat_reg[3][5]           | CE      | pe_engine/genblk1[2].row_sum_adder/pipe_en                                         |
| pe_engine/genblk1[2].row_sum_adder/genblk1[0].tree_flat_reg[3][6]           | CE      | pe_engine/genblk1[2].row_sum_adder/pipe_en                                         |
| pe_engine/genblk1[2].row_sum_adder/genblk1[0].tree_flat_reg[3][7]           | CE      | pe_engine/genblk1[2].row_sum_adder/pipe_en                                         |
| pe_engine/genblk1[2].row_sum_adder/genblk1[0].tree_flat_reg[3][8]           | CE      | pe_engine/genblk1[2].row_sum_adder/pipe_en                                         |
| pe_engine/genblk1[2].row_sum_adder/genblk1[0].tree_flat_reg[3][9]           | CE      | pe_engine/genblk1[2].row_sum_adder/pipe_en                                         |
| pe_engine/genblk1[2].row_sum_adder/genblk1[0].tree_flat_reg[3][10]          | CE      | pe_engine/genblk1[2].row_sum_adder/pipe_en                                         |
| pe_engine/genblk1[2].row_sum_adder/genblk1[0].tree_flat_reg[3][11]          | CE      | pe_engine/genblk1[2].row_sum_adder/pipe_en                                         |
| pe_engine/genblk1[2].row_sum_adder/genblk1[0].tree_flat_reg[3][12]          | CE      | pe_engine/genblk1[2].row_sum_adder/pipe_en                                         |
| pe_engine/genblk1[2].row_sum_adder/genblk1[0].tree_flat_reg[3][13]          | CE      | pe_engine/genblk1[2].row_sum_adder/pipe_en                                         |
| pe_engine/genblk1[2].row_sum_adder/genblk1[0].tree_flat_reg[3][14]          | CE      | pe_engine/genblk1[2].row_sum_adder/pipe_en                                         |
| pe_engine/genblk1[2].row_sum_adder/genblk1[0].tree_flat_reg[3][15]          | CE      | pe_engine/genblk1[2].row_sum_adder/pipe_en                                         |
| pe_engine/genblk1[2].row_sum_adder/genblk1[0].tree_flat_reg[3][16]          | CE      | pe_engine/genblk1[2].row_sum_adder/pipe_en                                         |
| pe_engine/genblk1[2].row_sum_adder/genblk1[0].tree_flat_reg[4][0]           | CE      | pe_engine/genblk1[2].row_sum_adder/pipe_en                                         |
| pe_engine/genblk1[2].row_sum_adder/genblk1[0].tree_flat_reg[4][1]           | CE      | pe_engine/genblk1[2].row_sum_adder/pipe_en                                         |
| pe_engine/genblk1[2].row_sum_adder/genblk1[0].tree_flat_reg[4][2]           | CE      | pe_engine/genblk1[2].row_sum_adder/pipe_en                                         |
| pe_engine/genblk1[2].row_sum_adder/genblk1[0].tree_flat_reg[4][3]           | CE      | pe_engine/genblk1[2].row_sum_adder/pipe_en                                         |
| pe_engine/genblk1[2].row_sum_adder/genblk1[0].tree_flat_reg[4][4]           | CE      | pe_engine/genblk1[2].row_sum_adder/pipe_en                                         |
| pe_engine/genblk1[2].row_sum_adder/genblk1[0].tree_flat_reg[4][5]           | CE      | pe_engine/genblk1[2].row_sum_adder/pipe_en                                         |
| pe_engine/genblk1[2].row_sum_adder/genblk1[0].tree_flat_reg[4][6]           | CE      | pe_engine/genblk1[2].row_sum_adder/pipe_en                                         |
| pe_engine/genblk1[2].row_sum_adder/genblk1[0].tree_flat_reg[4][7]           | CE      | pe_engine/genblk1[2].row_sum_adder/pipe_en                                         |
| pe_engine/genblk1[2].row_sum_adder/genblk1[0].tree_flat_reg[4][8]           | CE      | pe_engine/genblk1[2].row_sum_adder/pipe_en                                         |
| pe_engine/genblk1[2].row_sum_adder/genblk1[0].tree_flat_reg[4][9]           | CE      | pe_engine/genblk1[2].row_sum_adder/pipe_en                                         |
| pe_engine/genblk1[2].row_sum_adder/genblk1[0].tree_flat_reg[4][10]          | CE      | pe_engine/genblk1[2].row_sum_adder/pipe_en                                         |
| pe_engine/genblk1[2].row_sum_adder/genblk1[0].tree_flat_reg[4][11]          | CE      | pe_engine/genblk1[2].row_sum_adder/pipe_en                                         |
| pe_engine/genblk1[2].row_sum_adder/genblk1[0].tree_flat_reg[4][12]          | CE      | pe_engine/genblk1[2].row_sum_adder/pipe_en                                         |
| pe_engine/genblk1[2].row_sum_adder/genblk1[0].tree_flat_reg[4][13]          | CE      | pe_engine/genblk1[2].row_sum_adder/pipe_en                                         |
| pe_engine/genblk1[2].row_sum_adder/genblk1[0].tree_flat_reg[4][14]          | CE      | pe_engine/genblk1[2].row_sum_adder/pipe_en                                         |
| pe_engine/genblk1[2].row_sum_adder/genblk1[0].tree_flat_reg[4][15]          | CE      | pe_engine/genblk1[2].row_sum_adder/pipe_en                                         |
| pe_engine/genblk1[2].row_sum_adder/genblk1[1].tree_en_reg[2]                | CE      | pe_engine/genblk1[2].row_sum_adder/pipe_en                                         |
| pe_engine/genblk1[2].row_sum_adder/genblk1[1].tree_flat_reg[6][0]           | CE      | pe_engine/genblk1[2].row_sum_adder/pipe_en                                         |
| pe_engine/genblk1[2].row_sum_adder/genblk1[1].tree_flat_reg[6][1]           | CE      | pe_engine/genblk1[2].row_sum_adder/pipe_en                                         |
| pe_engine/genblk1[2].row_sum_adder/genblk1[1].tree_flat_reg[6][2]           | CE      | pe_engine/genblk1[2].row_sum_adder/pipe_en                                         |
| pe_engine/genblk1[2].row_sum_adder/genblk1[1].tree_flat_reg[6][3]           | CE      | pe_engine/genblk1[2].row_sum_adder/pipe_en                                         |
| pe_engine/genblk1[2].row_sum_adder/genblk1[1].tree_flat_reg[6][4]           | CE      | pe_engine/genblk1[2].row_sum_adder/pipe_en                                         |
| pe_engine/genblk1[2].row_sum_adder/genblk1[1].tree_flat_reg[6][5]           | CE      | pe_engine/genblk1[2].row_sum_adder/pipe_en                                         |
| pe_engine/genblk1[2].row_sum_adder/genblk1[1].tree_flat_reg[6][6]           | CE      | pe_engine/genblk1[2].row_sum_adder/pipe_en                                         |
| pe_engine/genblk1[2].row_sum_adder/genblk1[1].tree_flat_reg[6][7]           | CE      | pe_engine/genblk1[2].row_sum_adder/pipe_en                                         |
| pe_engine/genblk1[2].row_sum_adder/genblk1[1].tree_flat_reg[6][8]           | CE      | pe_engine/genblk1[2].row_sum_adder/pipe_en                                         |
| pe_engine/genblk1[2].row_sum_adder/genblk1[1].tree_flat_reg[6][9]           | CE      | pe_engine/genblk1[2].row_sum_adder/pipe_en                                         |
| pe_engine/genblk1[2].row_sum_adder/genblk1[1].tree_flat_reg[6][10]          | CE      | pe_engine/genblk1[2].row_sum_adder/pipe_en                                         |
| pe_engine/genblk1[2].row_sum_adder/genblk1[1].tree_flat_reg[6][11]          | CE      | pe_engine/genblk1[2].row_sum_adder/pipe_en                                         |
| pe_engine/genblk1[2].row_sum_adder/genblk1[1].tree_flat_reg[6][12]          | CE      | pe_engine/genblk1[2].row_sum_adder/pipe_en                                         |
| pe_engine/genblk1[2].row_sum_adder/genblk1[1].tree_flat_reg[6][13]          | CE      | pe_engine/genblk1[2].row_sum_adder/pipe_en                                         |
| pe_engine/genblk1[2].row_sum_adder/genblk1[1].tree_flat_reg[6][14]          | CE      | pe_engine/genblk1[2].row_sum_adder/pipe_en                                         |
| pe_engine/genblk1[2].row_sum_adder/genblk1[1].tree_flat_reg[6][15]          | CE      | pe_engine/genblk1[2].row_sum_adder/pipe_en                                         |
| pe_engine/genblk1[2].row_sum_adder/genblk1[1].tree_flat_reg[6][16]          | CE      | pe_engine/genblk1[2].row_sum_adder/pipe_en                                         |
| pe_engine/genblk1[2].row_sum_adder/genblk1[1].tree_flat_reg[6][17]          | CE      | pe_engine/genblk1[2].row_sum_adder/pipe_en                                         |
| pe_engine/genblk1[2].row_sum_adder/tree_en_reg[0]                           | CE      | pe_engine/genblk1[2].row_sum_adder/pipe_en                                         |
| unpacker/genblk1[0].fifo_inst/fifo_inst/dataOut_reg[0]                      | CE      | unpacker/genblk1[0].fifo_inst/fifo_inst/rd_cnt1                                    |
| unpacker/genblk1[0].fifo_inst/fifo_inst/dataOut_reg[1]                      | CE      | unpacker/genblk1[0].fifo_inst/fifo_inst/rd_cnt1                                    |
| unpacker/genblk1[0].fifo_inst/fifo_inst/dataOut_reg[2]                      | CE      | unpacker/genblk1[0].fifo_inst/fifo_inst/rd_cnt1                                    |
| unpacker/genblk1[0].fifo_inst/fifo_inst/dataOut_reg[3]                      | CE      | unpacker/genblk1[0].fifo_inst/fifo_inst/rd_cnt1                                    |
| unpacker/genblk1[0].fifo_inst/fifo_inst/dataOut_reg[4]                      | CE      | unpacker/genblk1[0].fifo_inst/fifo_inst/rd_cnt1                                    |
| unpacker/genblk1[0].fifo_inst/fifo_inst/dataOut_reg[5]                      | CE      | unpacker/genblk1[0].fifo_inst/fifo_inst/rd_cnt1                                    |
| unpacker/genblk1[0].fifo_inst/fifo_inst/dataOut_reg[6]                      | CE      | unpacker/genblk1[0].fifo_inst/fifo_inst/rd_cnt1                                    |
| unpacker/genblk1[0].fifo_inst/fifo_inst/dataOut_reg[7]                      | CE      | unpacker/genblk1[0].fifo_inst/fifo_inst/rd_cnt1                                    |
| unpacker/genblk1[0].fifo_inst/fifo_inst/wr_addr_reg[0]                      | CE      | unpacker/genblk1[0].fifo_inst/fifo_inst/E[0]                                       |
| unpacker/genblk1[0].fifo_inst/fifo_inst/wr_addr_reg[1]                      | CE      | unpacker/genblk1[0].fifo_inst/fifo_inst/E[0]                                       |
| unpacker/genblk1[1].fifo_inst/fifo_inst/dataOut_reg[0]                      | CE      | unpacker/genblk1[1].fifo_inst/fifo_inst/rd_cnt1                                    |
| unpacker/genblk1[1].fifo_inst/fifo_inst/dataOut_reg[1]                      | CE      | unpacker/genblk1[1].fifo_inst/fifo_inst/rd_cnt1                                    |
| unpacker/genblk1[1].fifo_inst/fifo_inst/dataOut_reg[2]                      | CE      | unpacker/genblk1[1].fifo_inst/fifo_inst/rd_cnt1                                    |
| unpacker/genblk1[1].fifo_inst/fifo_inst/dataOut_reg[3]                      | CE      | unpacker/genblk1[1].fifo_inst/fifo_inst/rd_cnt1                                    |
| unpacker/genblk1[1].fifo_inst/fifo_inst/dataOut_reg[4]                      | CE      | unpacker/genblk1[1].fifo_inst/fifo_inst/rd_cnt1                                    |
| unpacker/genblk1[1].fifo_inst/fifo_inst/dataOut_reg[5]                      | CE      | unpacker/genblk1[1].fifo_inst/fifo_inst/rd_cnt1                                    |
| unpacker/genblk1[1].fifo_inst/fifo_inst/dataOut_reg[6]                      | CE      | unpacker/genblk1[1].fifo_inst/fifo_inst/rd_cnt1                                    |
| unpacker/genblk1[1].fifo_inst/fifo_inst/dataOut_reg[7]                      | CE      | unpacker/genblk1[1].fifo_inst/fifo_inst/rd_cnt1                                    |
| unpacker/genblk1[1].fifo_inst/fifo_inst/wr_addr_reg[0]                      | CE      | unpacker/genblk1[1].fifo_inst/fifo_inst/E[0]                                       |
| unpacker/genblk1[1].fifo_inst/fifo_inst/wr_addr_reg[1]                      | CE      | unpacker/genblk1[1].fifo_inst/fifo_inst/E[0]                                       |
| unpacker/genblk1[2].fifo_inst/fifo_inst/dataOut_reg[0]                      | CE      | unpacker/genblk1[2].fifo_inst/fifo_inst/rd_cnt1                                    |
| unpacker/genblk1[2].fifo_inst/fifo_inst/dataOut_reg[1]                      | CE      | unpacker/genblk1[2].fifo_inst/fifo_inst/rd_cnt1                                    |
| unpacker/genblk1[2].fifo_inst/fifo_inst/dataOut_reg[2]                      | CE      | unpacker/genblk1[2].fifo_inst/fifo_inst/rd_cnt1                                    |
| unpacker/genblk1[2].fifo_inst/fifo_inst/dataOut_reg[3]                      | CE      | unpacker/genblk1[2].fifo_inst/fifo_inst/rd_cnt1                                    |
| unpacker/genblk1[2].fifo_inst/fifo_inst/dataOut_reg[4]                      | CE      | unpacker/genblk1[2].fifo_inst/fifo_inst/rd_cnt1                                    |
| unpacker/genblk1[2].fifo_inst/fifo_inst/dataOut_reg[5]                      | CE      | unpacker/genblk1[2].fifo_inst/fifo_inst/rd_cnt1                                    |
| unpacker/genblk1[2].fifo_inst/fifo_inst/dataOut_reg[6]                      | CE      | unpacker/genblk1[2].fifo_inst/fifo_inst/rd_cnt1                                    |
| unpacker/genblk1[2].fifo_inst/fifo_inst/dataOut_reg[7]                      | CE      | unpacker/genblk1[2].fifo_inst/fifo_inst/rd_cnt1                                    |
| unpacker/genblk1[2].fifo_inst/fifo_inst/wr_addr_reg[0]                      | CE      | unpacker/genblk1[2].fifo_inst/fifo_inst/E[0]                                       |
| unpacker/genblk1[2].fifo_inst/fifo_inst/wr_addr_reg[1]                      | CE      | unpacker/genblk1[2].fifo_inst/fifo_inst/E[0]                                       |
| weight_loader_inst/transfer_counter_reg[0]                                  | CE      | weight_loader_inst/E[0]                                                            |
| weight_loader_inst/transfer_counter_reg[1]                                  | CE      | weight_loader_inst/E[0]                                                            |
| weight_loader_inst/transfer_counter_reg[2]                                  | CE      | weight_loader_inst/E[0]                                                            |
| weight_loader_inst/transfer_counter_reg[3]                                  | CE      | weight_loader_inst/E[0]                                                            |
| weight_loader_inst/transfer_counter_reg[4]                                  | CE      | weight_loader_inst/E[0]                                                            |
| weight_loader_inst/transfer_counter_reg[5]                                  | CE      | weight_loader_inst/E[0]                                                            |
| weight_loader_inst/transfer_counter_reg[6]                                  | CE      | weight_loader_inst/E[0]                                                            |
| weight_loader_inst/transfer_counter_reg[7]                                  | CE      | weight_loader_inst/E[0]                                                            |
| weight_loader_inst/transfer_counter_reg[8]                                  | CE      | weight_loader_inst/E[0]                                                            |
| weight_loader_inst/transfer_counter_reg[9]                                  | CE      | weight_loader_inst/E[0]                                                            |
| weight_loader_inst/transfer_counter_reg[10]                                 | CE      | weight_loader_inst/E[0]                                                            |
| weight_loader_inst/transfer_counter_reg[11]                                 | CE      | weight_loader_inst/E[0]                                                            |
| weight_loader_inst/transfer_counter_reg[12]                                 | CE      | weight_loader_inst/E[0]                                                            |
| weight_loader_inst/transfer_counter_reg[13]                                 | CE      | weight_loader_inst/E[0]                                                            |
| weight_loader_inst/transfer_counter_reg[14]                                 | CE      | weight_loader_inst/E[0]                                                            |
| weight_loader_inst/transfer_counter_reg[15]                                 | CE      | weight_loader_inst/E[0]                                                            |
| weight_loader_inst/transfer_counter_reg[16]                                 | CE      | weight_loader_inst/E[0]                                                            |
| weight_loader_inst/transfer_counter_reg[17]                                 | CE      | weight_loader_inst/E[0]                                                            |
| weight_loader_inst/transfer_counter_reg[18]                                 | CE      | weight_loader_inst/E[0]                                                            |
| weight_loader_inst/transfer_counter_reg[19]                                 | CE      | weight_loader_inst/E[0]                                                            |
| weight_loader_inst/transfer_counter_reg[20]                                 | CE      | weight_loader_inst/E[0]                                                            |
| weight_loader_inst/transfer_counter_reg[21]                                 | CE      | weight_loader_inst/E[0]                                                            |
| weight_loader_inst/transfer_counter_reg[22]                                 | CE      | weight_loader_inst/E[0]                                                            |
| weight_loader_inst/transfer_counter_reg[23]                                 | CE      | weight_loader_inst/E[0]                                                            |
| weight_loader_inst/transfer_counter_reg[24]                                 | CE      | weight_loader_inst/E[0]                                                            |
| weight_loader_inst/transfer_counter_reg[25]                                 | CE      | weight_loader_inst/E[0]                                                            |
| weight_loader_inst/transfer_counter_reg[26]                                 | CE      | weight_loader_inst/E[0]                                                            |
| weight_loader_inst/transfer_counter_reg[27]                                 | CE      | weight_loader_inst/E[0]                                                            |
| weight_loader_inst/transfer_counter_reg[28]                                 | CE      | weight_loader_inst/E[0]                                                            |
| weight_loader_inst/transfer_counter_reg[29]                                 | CE      | weight_loader_inst/E[0]                                                            |
| weight_loader_inst/transfer_counter_reg[30]                                 | CE      | weight_loader_inst/E[0]                                                            |
| weight_loader_inst/transfer_counter_reg[31]                                 | CE      | weight_loader_inst/E[0]                                                            |
| weight_loader_inst/weight_storage_reg[0]                                    | CE      | weight_loader_inst/E[0]                                                            |
| weight_loader_inst/weight_storage_reg[1]                                    | CE      | weight_loader_inst/E[0]                                                            |
| weight_loader_inst/weight_storage_reg[2]                                    | CE      | weight_loader_inst/E[0]                                                            |
| weight_loader_inst/weight_storage_reg[3]                                    | CE      | weight_loader_inst/E[0]                                                            |
| weight_loader_inst/weight_storage_reg[4]                                    | CE      | weight_loader_inst/E[0]                                                            |
| weight_loader_inst/weight_storage_reg[5]                                    | CE      | weight_loader_inst/E[0]                                                            |
| weight_loader_inst/weight_storage_reg[6]                                    | CE      | weight_loader_inst/E[0]                                                            |
| weight_loader_inst/weight_storage_reg[7]                                    | CE      | weight_loader_inst/E[0]                                                            |
| weight_loader_inst/weight_storage_reg[8]                                    | CE      | weight_loader_inst/E[0]                                                            |
| weight_loader_inst/weight_storage_reg[9]                                    | CE      | weight_loader_inst/E[0]                                                            |
| weight_loader_inst/weight_storage_reg[10]                                   | CE      | weight_loader_inst/E[0]                                                            |
| weight_loader_inst/weight_storage_reg[11]                                   | CE      | weight_loader_inst/E[0]                                                            |
| weight_loader_inst/weight_storage_reg[12]                                   | CE      | weight_loader_inst/E[0]                                                            |
| weight_loader_inst/weight_storage_reg[13]                                   | CE      | weight_loader_inst/E[0]                                                            |
| weight_loader_inst/weight_storage_reg[14]                                   | CE      | weight_loader_inst/E[0]                                                            |
| weight_loader_inst/weight_storage_reg[15]                                   | CE      | weight_loader_inst/E[0]                                                            |
| weight_loader_inst/weight_storage_reg[16]                                   | CE      | weight_loader_inst/E[0]                                                            |
| weight_loader_inst/weight_storage_reg[17]                                   | CE      | weight_loader_inst/E[0]                                                            |
| weight_loader_inst/weight_storage_reg[18]                                   | CE      | weight_loader_inst/E[0]                                                            |
| weight_loader_inst/weight_storage_reg[19]                                   | CE      | weight_loader_inst/E[0]                                                            |
| weight_loader_inst/weight_storage_reg[20]                                   | CE      | weight_loader_inst/E[0]                                                            |
| weight_loader_inst/weight_storage_reg[21]                                   | CE      | weight_loader_inst/E[0]                                                            |
| weight_loader_inst/weight_storage_reg[22]                                   | CE      | weight_loader_inst/E[0]                                                            |
| weight_loader_inst/weight_storage_reg[23]                                   | CE      | weight_loader_inst/E[0]                                                            |
| weight_loader_inst/weight_storage_reg[24]                                   | CE      | weight_loader_inst/E[0]                                                            |
| weight_loader_inst/weight_storage_reg[25]                                   | CE      | weight_loader_inst/E[0]                                                            |
| weight_loader_inst/weight_storage_reg[26]                                   | CE      | weight_loader_inst/E[0]                                                            |
| weight_loader_inst/weight_storage_reg[27]                                   | CE      | weight_loader_inst/E[0]                                                            |
| weight_loader_inst/weight_storage_reg[28]                                   | CE      | weight_loader_inst/E[0]                                                            |
| weight_loader_inst/weight_storage_reg[29]                                   | CE      | weight_loader_inst/E[0]                                                            |
| weight_loader_inst/weight_storage_reg[30]                                   | CE      | weight_loader_inst/E[0]                                                            |
| weight_loader_inst/weight_storage_reg[31]                                   | CE      | weight_loader_inst/E[0]                                                            |
| weight_loader_inst/weight_storage_reg[32]                                   | CE      | weight_loader_inst/E[0]                                                            |
| weight_loader_inst/weight_storage_reg[33]                                   | CE      | weight_loader_inst/E[0]                                                            |
| weight_loader_inst/weight_storage_reg[34]                                   | CE      | weight_loader_inst/E[0]                                                            |
| weight_loader_inst/weight_storage_reg[35]                                   | CE      | weight_loader_inst/E[0]                                                            |
| weight_loader_inst/weight_storage_reg[36]                                   | CE      | weight_loader_inst/E[0]                                                            |
| weight_loader_inst/weight_storage_reg[37]                                   | CE      | weight_loader_inst/E[0]                                                            |
| weight_loader_inst/weight_storage_reg[38]                                   | CE      | weight_loader_inst/E[0]                                                            |
| weight_loader_inst/weight_storage_reg[39]                                   | CE      | weight_loader_inst/E[0]                                                            |
| weight_loader_inst/weight_storage_reg[40]                                   | CE      | weight_loader_inst/E[0]                                                            |
| weight_loader_inst/weight_storage_reg[41]                                   | CE      | weight_loader_inst/E[0]                                                            |
| weight_loader_inst/weight_storage_reg[42]                                   | CE      | weight_loader_inst/E[0]                                                            |
| weight_loader_inst/weight_storage_reg[43]                                   | CE      | weight_loader_inst/E[0]                                                            |
| weight_loader_inst/weight_storage_reg[44]                                   | CE      | weight_loader_inst/E[0]                                                            |
| weight_loader_inst/weight_storage_reg[45]                                   | CE      | weight_loader_inst/E[0]                                                            |
| weight_loader_inst/weight_storage_reg[46]                                   | CE      | weight_loader_inst/E[0]                                                            |
| weight_loader_inst/weight_storage_reg[47]                                   | CE      | weight_loader_inst/E[0]                                                            |
| weight_loader_inst/weight_storage_reg[48]                                   | CE      | weight_loader_inst/E[0]                                                            |
| weight_loader_inst/weight_storage_reg[49]                                   | CE      | weight_loader_inst/E[0]                                                            |
| weight_loader_inst/weight_storage_reg[50]                                   | CE      | weight_loader_inst/E[0]                                                            |
| weight_loader_inst/weight_storage_reg[51]                                   | CE      | weight_loader_inst/E[0]                                                            |
| weight_loader_inst/weight_storage_reg[52]                                   | CE      | weight_loader_inst/E[0]                                                            |
| weight_loader_inst/weight_storage_reg[53]                                   | CE      | weight_loader_inst/E[0]                                                            |
| weight_loader_inst/weight_storage_reg[54]                                   | CE      | weight_loader_inst/E[0]                                                            |
| weight_loader_inst/weight_storage_reg[55]                                   | CE      | weight_loader_inst/E[0]                                                            |
| weight_loader_inst/weight_storage_reg[56]                                   | CE      | weight_loader_inst/E[0]                                                            |
| weight_loader_inst/weight_storage_reg[57]                                   | CE      | weight_loader_inst/E[0]                                                            |
| weight_loader_inst/weight_storage_reg[58]                                   | CE      | weight_loader_inst/E[0]                                                            |
| weight_loader_inst/weight_storage_reg[59]                                   | CE      | weight_loader_inst/E[0]                                                            |
| weight_loader_inst/weight_storage_reg[60]                                   | CE      | weight_loader_inst/E[0]                                                            |
| weight_loader_inst/weight_storage_reg[61]                                   | CE      | weight_loader_inst/E[0]                                                            |
| weight_loader_inst/weight_storage_reg[62]                                   | CE      | weight_loader_inst/E[0]                                                            |
| weight_loader_inst/weight_storage_reg[63]                                   | CE      | weight_loader_inst/E[0]                                                            |
+-----------------------------------------------------------------------------+---------+------------------------------------------------------------------------------------+


3.3.2 Tool Gated Slice Registers
--------------------------------

None

3.4 XPM URAMs
-------------

None

