Design Route Status
                                               :      # nets :
   ------------------------------------------- : ----------- :
   # of logical nets.......................... :       13748 :
       # of nets not needing routing.......... :        5443 :
           # of internally routed nets........ :        5281 :
           # of nets with no loads............ :         126 :
           # of implicitly routed ports....... :          36 :
       # of routable nets..................... :        8305 :
           # of fully routed nets............. :        8304 :
       # of nets with routing errors.......... :          36 :
           # of nets with antennas/islands.... :          36 :
   ------------------------------------------- : ----------- :


Nets with Routing Errors: (only the first 10 nets are listed)
  m_axis_tready
    Islands reason: This net has no logical drivers but has route data or routable drivers.
  rstn
    Islands reason: This net has no logical drivers but has route data or routable drivers.
  s_axis_tdata[0]
    Islands reason: This net has no logical drivers but has route data or routable drivers.
  s_axis_tdata[10]
    Islands reason: This net has no logical drivers but has route data or routable drivers.
  s_axis_tdata[11]
    Islands reason: This net has no logical drivers but has route data or routable drivers.
  s_axis_tdata[12]
    Islands reason: This net has no logical drivers but has route data or routable drivers.
  s_axis_tdata[13]
    Islands reason: This net has no logical drivers but has route data or routable drivers.
  s_axis_tdata[14]
    Islands reason: This net has no logical drivers but has route data or routable drivers.
  s_axis_tdata[15]
    Islands reason: This net has no logical drivers but has route data or routable drivers.
  s_axis_tdata[16]
    Islands reason: This net has no logical drivers but has route data or routable drivers.

