Copyright 1986-2022 Xilinx, Inc. All Rights Reserved. Copyright 2022-2024 Advanced Micro Devices, Inc. All Rights Reserved.
---------------------------------------------------------------------------------------------------------------------------------------------
| Tool Version : Vivado v.2024.2 (lin64) Build 5239630 Fri Nov 08 22:34:34 MST 2024
| Date         : Thu Mar 12 17:19:23 2026
| Host         : audrey-Precision-5520 running 64-bit Ubuntu 22.04.5 LTS
| Command      : report_timing_summary -file timing_summary.rpt
| Design       : top
| Device       : 7s50-csga324
| Speed File   : -2  PRODUCTION 1.23 2018-06-13
| Design State : Routed
---------------------------------------------------------------------------------------------------------------------------------------------

Timing Summary Report

------------------------------------------------------------------------------------------------
| Timer Settings
| --------------
------------------------------------------------------------------------------------------------

  Enable Multi Corner Analysis               :  Yes
  Enable Pessimism Removal                   :  Yes
  Pessimism Removal Resolution               :  Nearest Common Node
  Enable Input Delay Default Clock           :  No
  Enable Preset / Clear Arcs                 :  No
  Disable Flight Delays                      :  No
  Ignore I/O Paths                           :  No
  Timing Early Launch at Borrowing Latches   :  No
  Borrow Time for Max Delay Exceptions       :  Yes
  Merge Timing Exceptions                    :  Yes
  Inter-SLR Compensation                     :  Conservative

  Corner  Analyze    Analyze    
  Name    Max Paths  Min Paths  
  ------  ---------  ---------  
  Slow    Yes        Yes        
  Fast    Yes        Yes        


------------------------------------------------------------------------------------------------
| Report Methodology
| ------------------
------------------------------------------------------------------------------------------------

No report available as report_methodology has not been run prior. Run report_methodology on the current design for the summary of methodology violations.



check_timing report

Table of Contents
-----------------
1. checking no_clock (0)
2. checking constant_clock (0)
3. checking pulse_width_clock (0)
4. checking unconstrained_internal_endpoints (0)
5. checking no_input_delay (0)
6. checking no_output_delay (0)
7. checking multiple_clock (0)
8. checking generated_clocks (0)
9. checking loops (0)
10. checking partial_input_delay (0)
11. checking partial_output_delay (0)
12. checking latch_loops (0)

1. checking no_clock (0)
------------------------
 There are 0 register/latch pins with no clock.


2. checking constant_clock (0)
------------------------------
 There are 0 register/latch pins with constant_clock.


3. checking pulse_width_clock (0)
---------------------------------
 There are 0 register/latch pins which need pulse_width check


4. checking unconstrained_internal_endpoints (0)
------------------------------------------------
 There are 0 pins that are not constrained for maximum delay.

 There are 0 pins that are not constrained for maximum delay due to constant clock.


5. checking no_input_delay (0)
------------------------------
 There are 0 input ports with no input delay specified.

 There are 0 input ports with no input delay but user has a false path constraint.


6. checking no_output_delay (0)
-------------------------------
 There are 0 ports with no output delay specified.

 There are 0 ports with no output delay but user has a false path constraint

 There are 0 ports with no output delay but with a timing clock defined on it or propagating through it


7. checking multiple_clock (0)
------------------------------
 There are 0 register/latch pins with multiple clocks.


8. checking generated_clocks (0)
--------------------------------
 There are 0 generated clocks that are not connected to a clock source.


9. checking loops (0)
---------------------
 There are 0 combinational loops in the design.


10. checking partial_input_delay (0)
------------------------------------
 There are 0 input ports with partial input delay specified.


11. checking partial_output_delay (0)
-------------------------------------
 There are 0 ports with partial output delay specified.


12. checking latch_loops (0)
----------------------------
 There are 0 combinational latch loops in the design through latch input



------------------------------------------------------------------------------------------------
| Design Timing Summary
| ---------------------
------------------------------------------------------------------------------------------------

    WNS(ns)      TNS(ns)  TNS Failing Endpoints  TNS Total Endpoints      WHS(ns)      THS(ns)  THS Failing Endpoints  THS Total Endpoints     WPWS(ns)     TPWS(ns)  TPWS Failing Endpoints  TPWS Total Endpoints  
    -------      -------  ---------------------  -------------------      -------      -------  ---------------------  -------------------     --------     --------  ----------------------  --------------------  
     -0.007       -0.049                      7                 2387       -0.190       -1.020                     12                 2387        0.595        0.000                       0                   747  


Timing constraints are not met.


------------------------------------------------------------------------------------------------
| Clock Summary
| -------------
------------------------------------------------------------------------------------------------

Clock  Waveform(ns)         Period(ns)      Frequency(MHz)
-----  ------------         ----------      --------------
clk    {0.000 1.725}        3.450           289.855         


------------------------------------------------------------------------------------------------
| Intra Clock Table
| -----------------
------------------------------------------------------------------------------------------------

Clock             WNS(ns)      TNS(ns)  TNS Failing Endpoints  TNS Total Endpoints      WHS(ns)      THS(ns)  THS Failing Endpoints  THS Total Endpoints     WPWS(ns)     TPWS(ns)  TPWS Failing Endpoints  TPWS Total Endpoints  
-----             -------      -------  ---------------------  -------------------      -------      -------  ---------------------  -------------------     --------     --------  ----------------------  --------------------  
clk                -0.007       -0.049                      7                 2387       -0.190       -1.020                     12                 2387        0.595        0.000                       0                   747  


------------------------------------------------------------------------------------------------
| Inter Clock Table
| -----------------
------------------------------------------------------------------------------------------------

From Clock    To Clock          WNS(ns)      TNS(ns)  TNS Failing Endpoints  TNS Total Endpoints      WHS(ns)      THS(ns)  THS Failing Endpoints  THS Total Endpoints  
----------    --------          -------      -------  ---------------------  -------------------      -------      -------  ---------------------  -------------------  


------------------------------------------------------------------------------------------------
| Other Path Groups Table
| -----------------------
------------------------------------------------------------------------------------------------

Path Group    From Clock    To Clock          WNS(ns)      TNS(ns)  TNS Failing Endpoints  TNS Total Endpoints      WHS(ns)      THS(ns)  THS Failing Endpoints  THS Total Endpoints  
----------    ----------    --------          -------      -------  ---------------------  -------------------      -------      -------  ---------------------  -------------------  


------------------------------------------------------------------------------------------------
| Timing Details
| --------------
------------------------------------------------------------------------------------------------


---------------------------------------------------------------------------------------------------
From Clock:  clk
  To Clock:  clk

Setup :            7  Failing Endpoints,  Worst Slack       -0.007ns,  Total Violation       -0.049ns
Hold  :           12  Failing Endpoints,  Worst Slack       -0.190ns,  Total Violation       -1.020ns
PW    :            0  Failing Endpoints,  Worst Slack        0.595ns,  Total Violation        0.000ns
---------------------------------------------------------------------------------------------------


Max Delay Paths
--------------------------------------------------------------------------------------
Slack (VIOLATED) :        -0.007ns  (required time - arrival time)
  Source:                 rstn
                            (input port clocked by clk  {rise@0.000ns fall@1.725ns period=3.450ns})
  Destination:            weight_loader_inst/weight_storage_reg[69]/R
                            (rising edge-triggered cell FDRE clocked by clk  {rise@0.000ns fall@1.725ns period=3.450ns})
  Path Group:             clk
  Path Type:              Setup (Max at Slow Process Corner)
  Requirement:            3.450ns  (clk rise@3.450ns - clk rise@0.000ns)
  Data Path Delay:        2.263ns  (logic 0.105ns (4.641%)  route 2.158ns (95.359%))
  Logic Levels:           1  (LUT1=1)
  Input Delay:            2.000ns
  Clock Path Skew:        1.264ns (DCD - SCD + CPR)
    Destination Clock Delay (DCD):    1.264ns = ( 4.714 - 3.450 ) 
    Source Clock Delay      (SCD):    0.000ns
    Clock Pessimism Removal (CPR):    0.000ns
  Clock Uncertainty:      0.035ns  ((TSJ^2 + TIJ^2)^1/2 + DJ) / 2 + PE
    Total System Jitter     (TSJ):    0.071ns
    Total Input Jitter      (TIJ):    0.000ns
    Discrete Jitter          (DJ):    0.000ns
    Phase Error              (PE):    0.000ns

    Location             Delay type                Incr(ns)  Path(ns)    Netlist Resource(s)
  -------------------------------------------------------------------    -------------------
                         (clock clk rise edge)        0.000     0.000 r  
                         input delay                  2.000     2.000    
                                                      0.000     2.000 f  rstn (IN)
                         net (fo=93, unset)           0.643     2.643    weight_loader_inst/out
    SLICE_X44Y7          LUT1 (Prop_lut1_I0_O)        0.105     2.748 r  weight_loader_inst/transfer_counter[31]_i_1/O
                         net (fo=128, routed)         1.515     4.263    weight_loader_inst/p_0_in__0
    SLICE_X56Y9          FDRE                                         r  weight_loader_inst/weight_storage_reg[69]/R
  -------------------------------------------------------------------    -------------------

                         (clock clk rise edge)        3.450     3.450 r  
                                                      0.000     3.450 r  clk (IN)
                         net (fo=746, unset)          1.264     4.714    weight_loader_inst/clk
    SLICE_X56Y9          FDRE                                         r  weight_loader_inst/weight_storage_reg[69]/C
                         clock pessimism              0.000     4.714    
                         clock uncertainty           -0.035     4.679    
    SLICE_X56Y9          FDRE (Setup_fdre_C_R)       -0.423     4.256    weight_loader_inst/weight_storage_reg[69]
  -------------------------------------------------------------------
                         required time                          4.256    
                         arrival time                          -4.263    
  -------------------------------------------------------------------
                         slack                                 -0.007    





Min Delay Paths
--------------------------------------------------------------------------------------
Slack (VIOLATED) :        -0.190ns  (arrival time - required time)
  Source:                 m_axis_tready
                            (input port clocked by clk  {rise@0.000ns fall@1.725ns period=3.450ns})
  Destination:            pe_engine/crossbar_inst/count_reg[1]/D
                            (rising edge-triggered cell FDRE clocked by clk  {rise@0.000ns fall@1.725ns period=3.450ns})
  Path Group:             clk
  Path Type:              Hold (Min at Slow Process Corner)
  Requirement:            0.000ns  (clk rise@0.000ns - clk rise@0.000ns)
  Data Path Delay:        0.486ns  (logic 0.084ns (17.284%)  route 0.402ns (82.716%))
  Logic Levels:           1  (LUT5=1)
  Input Delay:            1.000ns
  Clock Path Skew:        1.368ns (DCD - SCD - CPR)
    Destination Clock Delay (DCD):    1.368ns
    Source Clock Delay      (SCD):    0.000ns
    Clock Pessimism Removal (CPR):    -0.000ns
  Clock Uncertainty:      0.035ns  ((TSJ^2 + TIJ^2)^1/2 + DJ) / 2 + PE
    Total System Jitter     (TSJ):    0.071ns
    Total Input Jitter      (TIJ):    0.000ns
    Discrete Jitter          (DJ):    0.000ns
    Phase Error              (PE):    0.000ns

    Location             Delay type                Incr(ns)  Path(ns)    Netlist Resource(s)
  -------------------------------------------------------------------    -------------------
                         (clock clk rise edge)        0.000     0.000 r  
                         input delay                  1.000     1.000    
                                                      0.000     1.000 r  m_axis_tready (IN)
                         net (fo=27, unset)           0.402     1.402    pe_engine/crossbar_inst/m_axis_tready
    SLICE_X50Y15         LUT5 (Prop_lut5_I2_O)        0.084     1.486 r  pe_engine/crossbar_inst/count[1]_i_2/O
                         net (fo=1, routed)           0.000     1.486    pe_engine/crossbar_inst/count[1]_i_2_n_0
    SLICE_X50Y15         FDRE                                         r  pe_engine/crossbar_inst/count_reg[1]/D
  -------------------------------------------------------------------    -------------------

                         (clock clk rise edge)        0.000     0.000 r  
                                                      0.000     0.000 r  clk (IN)
                         net (fo=746, unset)          1.368     1.368    pe_engine/crossbar_inst/clk
    SLICE_X50Y15         FDRE                                         r  pe_engine/crossbar_inst/count_reg[1]/C
                         clock pessimism              0.000     1.368    
                         clock uncertainty            0.035     1.403    
    SLICE_X50Y15         FDRE (Hold_fdre_C_D)         0.273     1.676    pe_engine/crossbar_inst/count_reg[1]
  -------------------------------------------------------------------
                         required time                         -1.676    
                         arrival time                           1.486    
  -------------------------------------------------------------------
                         slack                                 -0.190    





Pulse Width Checks
--------------------------------------------------------------------------------------
Clock Name:         clk
Waveform(ns):       { 0.000 1.725 }
Period(ns):         3.450
Sources:            { clk }

Check Type        Corner  Lib Pin      Reference Pin  Required(ns)  Actual(ns)  Slack(ns)  Location      Pin
Min Period        n/a     DSP48E1/CLK  n/a            1.816         3.450       1.634      DSP48_X1Y4    pe_engine/genblk1[0].genblk1[0].pe_inst/pe_output_reg/CLK
Low Pulse Width   Slow    RAMD32/CLK   n/a            1.130         1.725       0.595      SLICE_X56Y10  pe_engine/genblk1[0].row_sum_adder/fifo_axis_inst/fifo_inst/MEM_reg_0_7_0_5/RAMA/CLK
High Pulse Width  Slow    RAMD32/CLK   n/a            1.130         1.725       0.595      SLICE_X56Y10  pe_engine/genblk1[0].row_sum_adder/fifo_axis_inst/fifo_inst/MEM_reg_0_7_0_5/RAMA/CLK



