#-----------------------------------------------------------
# Vivado v2024.2 (64-bit)
# SW Build 5239630 on Fri Nov 08 22:34:34 MST 2024
# IP Build 5239520 on Sun Nov 10 16:12:51 MST 2024
# SharedData Build 5239561 on Fri Nov 08 14:39:27 MST 2024
# Start of session at: Sun Mar 15 12:02:47 2026
# Process ID         : 26900
# Current directory  : /home/audrey/Documents/convolution/Map_inflation/hardware_impl/FPL_result/3X3
# Command line       : vivado final_checkpointLUT.dcp
# Log file           : /home/audrey/Documents/convolution/Map_inflation/hardware_impl/FPL_result/3X3/vivado.log
# Journal file       : /home/audrey/Documents/convolution/Map_inflation/hardware_impl/FPL_result/3X3/vivado.jou
# Running On         : audrey-Precision-5520
# Platform           : Ubuntu
# Operating System   : Ubuntu 22.04.5 LTS
# Processor Detail   : Intel(R) Core(TM) i7-7820HQ CPU @ 2.90GHz
# CPU Frequency      : 3697.782 MHz
# CPU Physical cores : 4
# CPU Logical cores  : 8
# Host memory        : 16612 MB
# Swap memory        : 2147 MB
# Total Virtual      : 18760 MB
# Available Virtual  : 13766 MB
#-----------------------------------------------------------
start_gui
open_checkpoint /home/audrey/Documents/convolution/Map_inflation/hardware_impl/FPL_result/3X3/final_checkpointLUT.dcp
Command: open_checkpoint /home/audrey/Documents/convolution/Map_inflation/hardware_impl/FPL_result/3X3/final_checkpointLUT.dcp

Starting open_checkpoint Task

Time (s): cpu = 00:00:00.1 ; elapsed = 00:00:00.05 . Memory (MB): peak = 7503.801 ; gain = 0.000 ; free physical = 4663 ; free virtual = 12571
WARNING: [Board 49-26] cannot add Board Part xilinx.com:zcu208ld:part0:2.0 available at /home/audrey/Xilinx/Vivado/2024.2/data/xhub/boards/XilinxBoardStore/boards/Xilinx/zcu208ld/production/2.0/board.xml as part xczu58dr-fsvg1517-2-i specified in board_part file is either invalid or not available
WARNING: [Board 49-26] cannot add Board Part xilinx.com:zcu216ld:part0:2.0 available at /home/audrey/Xilinx/Vivado/2024.2/data/xhub/boards/XilinxBoardStore/boards/Xilinx/zcu216ld/production/2.0/board.xml as part xczu59dr-ffvf1760-2-i specified in board_part file is either invalid or not available
WARNING: [Board 49-26] cannot add Board Part xilinx.com:zcu670ld:part0:1.0 available at /home/audrey/Xilinx/Vivado/2024.2/data/xhub/boards/XilinxBoardStore/boards/Xilinx/zcu670ld/1.0/board.xml as part xczu57dr-fsve1156-2-i specified in board_part file is either invalid or not available
INFO: [IP_Flow 19-234] Refreshing IP repositories
INFO: [IP_Flow 19-1704] No user IP repositories specified
INFO: [IP_Flow 19-2313] Loaded Vivado IP repository '/home/audrey/Xilinx/Vivado/2024.2/data/ip'.
INFO: [Device 21-403] Loading part xc7s50csga324-2
Netlist sorting complete. Time (s): cpu = 00:00:00.02 ; elapsed = 00:00:00.02 . Memory (MB): peak = 7833.824 ; gain = 0.000 ; free physical = 4301 ; free virtual = 12231
INFO: [Netlist 29-17] Analyzing 154 Unisim elements for replacement
INFO: [Netlist 29-28] Unisim Transformation completed in 0 CPU seconds
INFO: [Project 1-479] Netlist was created with Vivado 2024.2
INFO: [Project 1-570] Preparing netlist for logic optimization
Read ShapeDB Complete: Time (s): cpu = 00:00:00.01 ; elapsed = 00:00:00.01 . Memory (MB): peak = 7843.730 ; gain = 0.000 ; free physical = 4235 ; free virtual = 12179
INFO: [Timing 38-478] Restoring timing data from binary archive.
INFO: [Timing 38-479] Binary timing data restore complete.
INFO: [Project 1-856] Restoring constraints from binary archive.
INFO: [Project 1-853] Binary constraint restore complete.
INFO: [Designutils 20-5722] Start Reading Physical Databases.
Reading placement.
Read Netlist Cache: Time (s): cpu = 00:00:00 ; elapsed = 00:00:00 . Memory (MB): peak = 8353.086 ; gain = 0.000 ; free physical = 3821 ; free virtual = 11784
Reading placer database...
Read Device Cache: Time (s): cpu = 00:00:00 ; elapsed = 00:00:00.01 . Memory (MB): peak = 8353.086 ; gain = 0.000 ; free physical = 3821 ; free virtual = 11784
Read PlaceDB: Time (s): cpu = 00:00:00.09 ; elapsed = 00:00:00.08 . Memory (MB): peak = 8353.086 ; gain = 0.000 ; free physical = 3821 ; free virtual = 11784
Read PulsedLatchDB: Time (s): cpu = 00:00:00 ; elapsed = 00:00:00 . Memory (MB): peak = 8353.086 ; gain = 0.000 ; free physical = 3821 ; free virtual = 11784
Reading routing.
Read RouteStorage: Time (s): cpu = 00:00:00.05 ; elapsed = 00:00:00.02 . Memory (MB): peak = 8353.086 ; gain = 0.000 ; free physical = 3820 ; free virtual = 11783
Read Physdb Files: Time (s): cpu = 00:00:00.15 ; elapsed = 00:00:00.11 . Memory (MB): peak = 8353.086 ; gain = 0.000 ; free physical = 3820 ; free virtual = 11783
Restored from archive | CPU: 0.190000 secs | Memory: 3.667099 MB |
Finished XDEF File Restore: Time (s): cpu = 00:00:00.19 ; elapsed = 00:00:00.16 . Memory (MB): peak = 8353.086 ; gain = 9.906 ; free physical = 3820 ; free virtual = 11783
Netlist sorting complete. Time (s): cpu = 00:00:00 ; elapsed = 00:00:00 . Memory (MB): peak = 8353.086 ; gain = 0.000 ; free physical = 3820 ; free virtual = 11783
INFO: [Project 1-111] Unisim Transformation Summary:
  A total of 18 instances were transformed.
  RAM32M => RAM32M (RAMD32(x6), RAMS32(x2)): 12 instances
  RAM32X1D => RAM32X1D (RAMD32(x2)): 6 instances

INFO: [Project 1-604] Checkpoint was created with Vivado v2024.2 (64-bit) build 5239630
open_checkpoint: Time (s): cpu = 00:00:35 ; elapsed = 00:00:20 . Memory (MB): peak = 8727.434 ; gain = 1246.508 ; free physical = 3503 ; free virtual = 11485
report_timing_summary -delay_type min_max -report_unconstrained -check_timing_verbose -max_paths 10 -input_pins -routable_nets -name timing_1
INFO: [Timing 38-91] UpdateTimingParams: Speed grade: -2, Delay Type: min_max.
INFO: [Timing 38-191] Multithreading enabled for timing update using a maximum of 8 CPUs
report_power -name {power_1}
Command: report_power -name power_1
Running Vector-less Activity Propagation...

Finished Running Vector-less Activity Propagation
0 Infos, 0 Warnings, 0 Critical Warnings and 0 Errors encountered.
report_power completed successfully
report_utilization -name utilization_1
report_utilization
Copyright 1986-2022 Xilinx, Inc. All Rights Reserved. Copyright 2022-2024 Advanced Micro Devices, Inc. All Rights Reserved.
---------------------------------------------------------------------------------------------------------------------------------------------
| Tool Version : Vivado v.2024.2 (lin64) Build 5239630 Fri Nov 08 22:34:34 MST 2024
| Date         : Sun Mar 15 13:00:23 2026
| Host         : audrey-Precision-5520 running 64-bit Ubuntu 22.04.5 LTS
| Command      : report_utilization
| Design       : top
| Device       : xc7s50csga324-2
| Speed File   : -2
| Design State : Routed
---------------------------------------------------------------------------------------------------------------------------------------------

Utilization Design Information

Table of Contents
-----------------
1. Slice Logic
1.1 Summary of Registers by Type
2. Slice Logic Distribution
3. Memory
4. DSP
5. IO and GT Specific
6. Clocking
7. Specific Feature
8. Primitives
9. Black Boxes
10. Instantiated Netlists

1. Slice Logic
--------------

+----------------------------+------+-------+------------+-----------+-------+
|          Site Type         | Used | Fixed | Prohibited | Available | Util% |
+----------------------------+------+-------+------------+-----------+-------+
| Slice LUTs                 | 1082 |     0 |          0 |     32600 |  3.32 |
|   LUT as Logic             | 1028 |     0 |          0 |     32600 |  3.15 |
|   LUT as Memory            |   54 |     0 |          0 |      9600 |  0.56 |
|     LUT as Distributed RAM |   54 |     0 |            |           |       |
|     LUT as Shift Register  |    0 |     0 |            |           |       |
| Slice Registers            | 1013 |     0 |          0 |     65200 |  1.55 |
|   Register as Flip Flop    | 1013 |     0 |          0 |     65200 |  1.55 |
|   Register as Latch        |    0 |     0 |          0 |     65200 |  0.00 |
| F7 Muxes                   |    8 |     0 |          0 |     16300 |  0.05 |
| F8 Muxes                   |    0 |     0 |          0 |      8150 |  0.00 |
+----------------------------+------+-------+------------+-----------+-------+
* Warning! LUT value is adjusted to account for LUT combining.


1.1 Summary of Registers by Type
--------------------------------

+-------+--------------+-------------+--------------+
| Total | Clock Enable | Synchronous | Asynchronous |
+-------+--------------+-------------+--------------+
| 0     |            _ |           - |            - |
| 0     |            _ |           - |          Set |
| 0     |            _ |           - |        Reset |
| 0     |            _ |         Set |            - |
| 0     |            _ |       Reset |            - |
| 0     |          Yes |           - |            - |
| 0     |          Yes |           - |          Set |
| 0     |          Yes |           - |        Reset |
| 1     |          Yes |         Set |            - |
| 1012  |          Yes |       Reset |            - |
+-------+--------------+-------------+--------------+


2. Slice Logic Distribution
---------------------------

+--------------------------------------------+------+-------+------------+-----------+-------+
|                  Site Type                 | Used | Fixed | Prohibited | Available | Util% |
+--------------------------------------------+------+-------+------------+-----------+-------+
| Slice                                      |  427 |     0 |          0 |      8150 |  5.24 |
|   SLICEL                                   |  289 |     0 |            |           |       |
|   SLICEM                                   |  138 |     0 |            |           |       |
| LUT as Logic                               | 1028 |     0 |          0 |     32600 |  3.15 |
|   using O5 output only                     |    3 |       |            |           |       |
|   using O6 output only                     |  779 |       |            |           |       |
|   using O5 and O6                          |  246 |       |            |           |       |
| LUT as Memory                              |   54 |     0 |          0 |      9600 |  0.56 |
|   LUT as Distributed RAM                   |   54 |     0 |            |           |       |
|     using O5 output only                   |    0 |       |            |           |       |
|     using O6 output only                   |    0 |       |            |           |       |
|     using O5 and O6                        |   54 |       |            |           |       |
|   LUT as Shift Register                    |    0 |     0 |            |           |       |
|     using O5 output only                   |    0 |       |            |           |       |
|     using O6 output only                   |    0 |       |            |           |       |
|     using O5 and O6                        |    0 |       |            |           |       |
| Slice Registers                            | 1013 |     0 |          0 |     65200 |  1.55 |
|   Register driven from within the Slice    |  597 |       |            |           |       |
|   Register driven from outside the Slice   |  416 |       |            |           |       |
|     LUT in front of the register is unused |  260 |       |            |           |       |
|     LUT in front of the register is used   |  156 |       |            |           |       |
| Unique Control Sets                        |   29 |       |          0 |      8150 |  0.36 |
+--------------------------------------------+------+-------+------------+-----------+-------+
* * Note: Available Control Sets calculated as Slice * 1, Review the Control Sets Report for more information regarding control sets.


3. Memory
---------

+----------------+------+-------+------------+-----------+-------+
|    Site Type   | Used | Fixed | Prohibited | Available | Util% |
+----------------+------+-------+------------+-----------+-------+
| Block RAM Tile |    0 |     0 |          0 |        75 |  0.00 |
|   RAMB36/FIFO* |    0 |     0 |          0 |        75 |  0.00 |
|   RAMB18       |    0 |     0 |          0 |       150 |  0.00 |
+----------------+------+-------+------------+-----------+-------+
* Note: Each Block RAM Tile only has one FIFO logic available and therefore can accommodate only one FIFO36E1 or one FIFO18E1. However, if a FIFO18E1 occupies a Block RAM Tile, that tile can still accommodate a RAMB18E1


4. DSP
------

+-----------+------+-------+------------+-----------+-------+
| Site Type | Used | Fixed | Prohibited | Available | Util% |
+-----------+------+-------+------------+-----------+-------+
| DSPs      |    0 |     0 |          0 |       120 |  0.00 |
+-----------+------+-------+------------+-----------+-------+


5. IO and GT Specific
---------------------

+-----------------------------+------+-------+------------+-----------+-------+
|          Site Type          | Used | Fixed | Prohibited | Available | Util% |
+-----------------------------+------+-------+------------+-----------+-------+
| Bonded IOB                  |    0 |     0 |          0 |       210 |  0.00 |
| Bonded IPADs                |    0 |     0 |          0 |         2 |  0.00 |
| PHY_CONTROL                 |    0 |     0 |          0 |         5 |  0.00 |
| PHASER_REF                  |    0 |     0 |          0 |         5 |  0.00 |
| OUT_FIFO                    |    0 |     0 |          0 |        20 |  0.00 |
| IN_FIFO                     |    0 |     0 |          0 |        20 |  0.00 |
| IDELAYCTRL                  |    0 |     0 |          0 |         5 |  0.00 |
| IBUFDS                      |    0 |     0 |          0 |       202 |  0.00 |
| PHASER_OUT/PHASER_OUT_PHY   |    0 |     0 |          0 |        20 |  0.00 |
| PHASER_IN/PHASER_IN_PHY     |    0 |     0 |          0 |        20 |  0.00 |
| IDELAYE2/IDELAYE2_FINEDELAY |    0 |     0 |          0 |       250 |  0.00 |
| ILOGIC                      |    0 |     0 |          0 |       210 |  0.00 |
| OLOGIC                      |    0 |     0 |          0 |       210 |  0.00 |
+-----------------------------+------+-------+------------+-----------+-------+


6. Clocking
-----------

+------------+------+-------+------------+-----------+-------+
|  Site Type | Used | Fixed | Prohibited | Available | Util% |
+------------+------+-------+------------+-----------+-------+
| BUFGCTRL   |    0 |     0 |          0 |        32 |  0.00 |
| BUFIO      |    0 |     0 |          0 |        20 |  0.00 |
| MMCME2_ADV |    0 |     0 |          0 |         5 |  0.00 |
| PLLE2_ADV  |    0 |     0 |          0 |         5 |  0.00 |
| BUFMRCE    |    0 |     0 |          0 |        10 |  0.00 |
| BUFHCE     |    0 |     0 |          0 |        72 |  0.00 |
| BUFR       |    0 |     0 |          0 |        20 |  0.00 |
+------------+------+-------+------------+-----------+-------+


7. Specific Feature
-------------------

+-------------+------+-------+------------+-----------+-------+
|  Site Type  | Used | Fixed | Prohibited | Available | Util% |
+-------------+------+-------+------------+-----------+-------+
| BSCANE2     |    0 |     0 |          0 |         4 |  0.00 |
| CAPTUREE2   |    0 |     0 |          0 |         1 |  0.00 |
| DNA_PORT    |    0 |     0 |          0 |         1 |  0.00 |
| EFUSE_USR   |    0 |     0 |          0 |         1 |  0.00 |
| FRAME_ECCE2 |    0 |     0 |          0 |         1 |  0.00 |
| ICAPE2      |    0 |     0 |          0 |         2 |  0.00 |
| STARTUPE2   |    0 |     0 |          0 |         1 |  0.00 |
| XADC        |    0 |     0 |          0 |         1 |  0.00 |
+-------------+------+-------+------------+-----------+-------+


8. Primitives
-------------

+----------+------+---------------------+
| Ref Name | Used | Functional Category |
+----------+------+---------------------+
| FDRE     | 1012 |        Flop & Latch |
| LUT2     |  490 |                 LUT |
| LUT6     |  387 |                 LUT |
| LUT4     |  222 |                 LUT |
| CARRY4   |  128 |          CarryLogic |
| LUT5     |  115 |                 LUT |
| RAMD32   |   84 |  Distributed Memory |
| LUT3     |   59 |                 LUT |
| RAMS32   |   24 |  Distributed Memory |
| MUXF7    |    8 |               MuxFx |
| LUT1     |    1 |                 LUT |
| FDSE     |    1 |        Flop & Latch |
+----------+------+---------------------+


9. Black Boxes
--------------

+----------+------+
| Ref Name | Used |
+----------+------+


10. Instantiated Netlists
-------------------------

+----------+------+
| Ref Name | Used |
+----------+------+


exit
INFO: [Common 17-206] Exiting Vivado at Sun Mar 15 13:13:26 2026...
