#-----------------------------------------------------------
# xsim v2024.2 (64-bit)
# SW Build 5239630 on Fri Nov 08 22:34:34 MST 2024
# IP Build 5239520 on Sun Nov 10 16:12:51 MST 2024
# SharedData Build 5239561 on Fri Nov 08 14:39:27 MST 2024
# Start of session at: Fri Feb 20 18:08:39 2026
# Process ID         : 1246135
# Current directory  : /home/audrey/Documents/convolution/Map_inflation/hardware_impl
# Command line       : xsim -mode tcl -source {xsim.dir/work.tb_top2/xsim_script.tcl}
# Log file           : /home/audrey/Documents/convolution/Map_inflation/hardware_impl/xsim.log
# Journal file       : /home/audrey/Documents/convolution/Map_inflation/hardware_impl/xsim.jou
# Running On         : audrey-Precision-5520
# Platform           : Ubuntu
# Operating System   : Ubuntu 22.04.5 LTS
# Processor Detail   : Intel(R) Core(TM) i7-7820HQ CPU @ 2.90GHz
# CPU Frequency      : 3690.752 MHz
# CPU Physical cores : 4
# CPU Logical cores  : 8
# Host memory        : 16612 MB
# Swap memory        : 2147 MB
# Total Virtual      : 18760 MB
# Available Virtual  : 8617 MB
#-----------------------------------------------------------
source xsim.dir/work.tb_top2/xsim_script.tcl
# xsim {work.tb_top2} -autoloadwcfg -runall
Time resolution is 1 ps
open_wave_config /home/audrey/Documents/convolution/Map_inflation/hardware_impl/work.tb_top2.wcfg
run -all
34000 first weights value is 1020304
42000 second weights value is 5060708
50000 second weights value is 90a0b0c
58000 second weights value is d0e0f10
66000 second weights value is 11121314
74000 second weights value is 15161718
82000 second weights value is 191a1b1c
90000 second weights value is 1d1e1f20
98000 second weights value is 21222324
106000 second weights value is 25262728
114000 second weights value is 292a2b2c
122000 second weights value is 2d2e2f30
130000 second weights value is 31000000
154000 first data value is 32333435
162000 first data value is 36373839
170000 first data value is 3a3b3c3d
178000 first data value is 3e3f4041
186000 first data value is 42434445
194000 first data value is 46474849
202000 first data value is 4a4b4c4d
210000 first data value is 4e4f5051
Time=214000 | Output Handshake! Result=     x (decimal:x)
Time=218000 | Output Handshake! Result=     x (decimal:x)
218000 first data value is 52535455
Time=222000 | Output Handshake! Result=     x (decimal:x)
Time=226000 | Output Handshake! Result=     x (decimal:x)
226000 first data value is 56575859
Time=230000 | Output Handshake! Result=     x (decimal:x)
Time=234000 | Output Handshake! Result=     x (decimal:x)
234000 first data value is 5a5b5c5d
Time=238000 | Output Handshake! Result=     x (decimal:x)
Time=242000 | Output Handshake! Result=     x (decimal:x)
242000 first data value is 5e5f6061
Time=246000 | Output Handshake! Result=     x (decimal:x)
Time=250000 | Output Handshake! Result=     x (decimal:x)
250000 first data value is 62000000
Time=254000 | Output Handshake! Result=     x (decimal:x)
Time=258000 | Output Handshake! Result=     x (decimal:x)
Time=262000 | Output Handshake! Result=     x (decimal:x)
Time=266000 | Output Handshake! Result=     x (decimal:x)
Time=270000 | Output Handshake! Result=     x (decimal:x)
Time=274000 | Output Handshake! Result=  4109 (decimal:4109)
Time=278000 | Output Handshake! Result=  6706 (decimal:6706)
Time=282000 | Output Handshake! Result=  9303 (decimal:9303)
Time=286000 | Output Handshake! Result= 11900 (decimal:11900)
Time=290000 | Output Handshake! Result= 14497 (decimal:14497)
Time=294000 | Output Handshake! Result= 17094 (decimal:17094)
Time=298000 | Output Handshake! Result=  1512 (decimal:1512)
Time=302000 | Output Handshake! Result=  4109 (decimal:4109)
Time=306000 | Output Handshake! Result=  6706 (decimal:6706)
Time=310000 | Output Handshake! Result=  9303 (decimal:9303)
Time=314000 | Output Handshake! Result= 11900 (decimal:11900)
Time=318000 | Output Handshake! Result= 14497 (decimal:14497)
Time=322000 | Output Handshake! Result= 17094 (decimal:17094)
Time=326000 | Output Handshake! Result=  1512 (decimal:1512)
Time=330000 | Output Handshake! Result=  4648 (decimal:4648)
Time=334000 | Output Handshake! Result=  7588 (decimal:7588)
Time=338000 | Output Handshake! Result= 10528 (decimal:10528)
Time=342000 | Output Handshake! Result= 13468 (decimal:13468)
Time=346000 | Output Handshake! Result= 16408 (decimal:16408)
Time=350000 | Output Handshake! Result= 19348 (decimal:19348)
Time=354000 | Output Handshake! Result=  1708 (decimal:1708)
Time=358000 | Output Handshake! Result=  4648 (decimal:4648)
Time=362000 | Output Handshake! Result=  7588 (decimal:7588)
Time=366000 | Output Handshake! Result= 10528 (decimal:10528)
Time=370000 | Output Handshake! Result= 13468 (decimal:13468)
Time=374000 | Output Handshake! Result= 16408 (decimal:16408)
Time=378000 | Output Handshake! Result= 19348 (decimal:19348)
Time=382000 | Output Handshake! Result=  1708 (decimal:1708)
Time=386000 | Output Handshake! Result=  5187 (decimal:5187)
Time=390000 | Output Handshake! Result=  8470 (decimal:8470)
Time=394000 | Output Handshake! Result= 11753 (decimal:11753)
Time=398000 | Output Handshake! Result= 15036 (decimal:15036)
Time=402000 | Output Handshake! Result= 18319 (decimal:18319)
Time=406000 | Output Handshake! Result= 21602 (decimal:21602)
Time=410000 | Output Handshake! Result=  1904 (decimal:1904)
Time=414000 | Output Handshake! Result=  5726 (decimal:5726)
Time=418000 | Output Handshake! Result=  9352 (decimal:9352)
Time=422000 | Output Handshake! Result= 12978 (decimal:12978)
Time=426000 | Output Handshake! Result= 16604 (decimal:16604)
Time=430000 | Output Handshake! Result= 20230 (decimal:20230)
Time=434000 | Output Handshake! Result= 23856 (decimal:23856)
Time=438000 | Output Handshake! Result=  2100 (decimal:2100)
Time=442000 | Output Handshake! Result=  5726 (decimal:5726)
Time=446000 | Output Handshake! Result=  9352 (decimal:9352)
Time=450000 | Output Handshake! Result= 12978 (decimal:12978)
Time=454000 | Output Handshake! Result= 16604 (decimal:16604)
Time=458000 | Output Handshake! Result= 20230 (decimal:20230)
Time=462000 | Output Handshake! Result= 23856 (decimal:23856)
Time=466000 | Output Handshake! Result=  2100 (decimal:2100)
Time=470000 | Output Handshake! Result=  6265 (decimal:6265)
Time=474000 | Output Handshake! Result= 10234 (decimal:10234)
Time=478000 | Output Handshake! Result= 14203 (decimal:14203)
Time=482000 | Output Handshake! Result= 18172 (decimal:18172)
Time=486000 | Output Handshake! Result= 22141 (decimal:22141)
Time=490000 | Output Handshake! Result= 26110 (decimal:26110)
Time=494000 | Output Handshake! Result=  2296 (decimal:2296)
Time=498000 | Output Handshake! Result=  6265 (decimal:6265)
Time=502000 | Output Handshake! Result= 10234 (decimal:10234)
Time=506000 | Output Handshake! Result= 14203 (decimal:14203)
Time=510000 | Output Handshake! Result= 18172 (decimal:18172)
Time=514000 | Output Handshake! Result= 22141 (decimal:22141)
Time=518000 | Output Handshake! Result= 26110 (decimal:26110)
Time=522000 | Output Handshake! Result=  2296 (decimal:2296)
Time=526000 | Output Handshake! Result=  6804 (decimal:6804)
Time=530000 | Output Handshake! Result= 11116 (decimal:11116)
Time=534000 | Output Handshake! Result= 15428 (decimal:15428)
Time=538000 | Output Handshake! Result= 19740 (decimal:19740)
Time=542000 | Output Handshake! Result= 24052 (decimal:24052)
Time=546000 | Output Handshake! Result= 28364 (decimal:28364)
Time=550000 | Output Handshake! Result=  2492 (decimal:2492)
Time=554000 | Output Handshake! Result=  6804 (decimal:6804)
Time=558000 | Output Handshake! Result= 11116 (decimal:11116)
Time=562000 | Output Handshake! Result= 15428 (decimal:15428)
Time=566000 | Output Handshake! Result= 19740 (decimal:19740)
Time=570000 | Output Handshake! Result= 24052 (decimal:24052)
Time=574000 | Output Handshake! Result= 28364 (decimal:28364)
Time=578000 | Output Handshake! Result=  2492 (decimal:2492)
Time=582000 | Output Handshake! Result=  6804 (decimal:6804)
Time=586000 | Output Handshake! Result= 11116 (decimal:11116)
Time=590000 | Output Handshake! Result= 15428 (decimal:15428)
Time=594000 | Output Handshake! Result= 19740 (decimal:19740)
Time=598000 | Output Handshake! Result= 24052 (decimal:24052)
Time=602000 | Output Handshake! Result= 28364 (decimal:28364)
Time=606000 | Output Handshake! Result=  2492 (decimal:2492)
Time=610000 | Output Handshake! Result=  7343 (decimal:7343)
Time=614000 | Output Handshake! Result= 11998 (decimal:11998)
Time=618000 | Output Handshake! Result= 16653 (decimal:16653)
Time=622000 | Output Handshake! Result= 21308 (decimal:21308)
Time=626000 | Output Handshake! Result= 25963 (decimal:25963)
Time=630000 | Output Handshake! Result= 30618 (decimal:30618)
Time=634000 | Output Handshake! Result=  2688 (decimal:2688)
Time=638000 | Output Handshake! Result=  7343 (decimal:7343)
Time=642000 | Output Handshake! Result= 11998 (decimal:11998)
Time=646000 | Output Handshake! Result= 16653 (decimal:16653)
Time=650000 | Output Handshake! Result= 21308 (decimal:21308)
Time=654000 | Output Handshake! Result= 25963 (decimal:25963)
Time=658000 | Output Handshake! Result= 30618 (decimal:30618)
Time=662000 | Output Handshake! Result=  2688 (decimal:2688)
$finish called at time : 8254 ns : File "/home/audrey/Documents/convolution/Map_inflation/hardware_impl/tb_top2.v" Line 336
exit
INFO: [Common 17-206] Exiting xsim at Fri Feb 20 18:08:43 2026...
