Vivado Simulator v2024.2.0
Copyright 1986-2022 Xilinx, Inc. All Rights Reserved.
Copyright 2022-2024 Advanced Micro Devices, Inc. All Rights Reserved.
Running: /home/audrey/Xilinx/Vivado/2024.2/bin/unwrapped/lnx64.o/xelab tb_top2 glbl -L unisim_ver -L unisims_ver -debug all -snapshot sim_snapshot 
Multi-threading is on. Using 6 slave threads.
Starting static elaboration
Pass Through NonSizing Optimizer
Completed static elaboration
Starting simulation data flow analysis
Completed simulation data flow analysis
Time Resolution for simulation is 1ps
Compiling module work.weight_loader(KERNEL_SIZE=7)
Compiling module work.data_accumulator(KERNEL_SIZE=7)
Compiling module work.fifo(DEPTH=10,PTR_WIDTH=3)
Compiling module work.fifo_axis(DEPTH=10,PTR_WIDTH=3)
Compiling module work.axis_unpack_data(KERNEL_SIZE=7,D...
Compiling module work.pe
Compiling module work.fifo(DATAWIDTH=19,DEPTH=8,PTR_WI...
Compiling module work.fifo_axis(DATAWIDTH=19,DEPTH=8,P...
Compiling module work.adder_tree(KERNEL_SIZE=7)
Compiling module work.crossbar(KERNEL_SIZE=7,DATA_WIDT...
Compiling module work.pe_wrapper(KERNEL_SIZE=7)
Compiling module work.delay(LATENCY=19)
Compiling module work.top(DEPTH=10,PTR_WIDTH=3)
Compiling module work.tb_top2
Compiling module work.glbl
Built simulation snapshot sim_snapshot
