#-----------------------------------------------------------
# Vivado v2024.2 (64-bit)
# SW Build 5239630 on Fri Nov 08 22:34:34 MST 2024
# IP Build 5239520 on Sun Nov 10 16:12:51 MST 2024
# SharedData Build 5239561 on Fri Nov 08 14:39:27 MST 2024
# Start of session at: Sun Mar 15 13:15:30 2026
# Process ID         : 34303
# Current directory  : /home/audrey/Documents/convolution/Map_inflation/hardware_impl/FPL_result/7x7
# Command line       : vivado final_checkpointLUT.dcp
# Log file           : /home/audrey/Documents/convolution/Map_inflation/hardware_impl/FPL_result/7x7/vivado.log
# Journal file       : /home/audrey/Documents/convolution/Map_inflation/hardware_impl/FPL_result/7x7/vivado.jou
# Running On         : audrey-Precision-5520
# Platform           : Ubuntu
# Operating System   : Ubuntu 22.04.5 LTS
# Processor Detail   : Intel(R) Core(TM) i7-7820HQ CPU @ 2.90GHz
# CPU Frequency      : 3502.158 MHz
# CPU Physical cores : 4
# CPU Logical cores  : 8
# Host memory        : 16612 MB
# Swap memory        : 2147 MB
# Total Virtual      : 18760 MB
# Available Virtual  : 11797 MB
#-----------------------------------------------------------
start_gui
open_checkpoint /home/audrey/Documents/convolution/Map_inflation/hardware_impl/FPL_result/7x7/final_checkpointLUT.dcp
Command: open_checkpoint /home/audrey/Documents/convolution/Map_inflation/hardware_impl/FPL_result/7x7/final_checkpointLUT.dcp

Starting open_checkpoint Task

Time (s): cpu = 00:00:00.11 ; elapsed = 00:00:00.05 . Memory (MB): peak = 7486.281 ; gain = 7.938 ; free physical = 1898 ; free virtual = 10573
WARNING: [Board 49-26] cannot add Board Part xilinx.com:zcu208ld:part0:2.0 available at /home/audrey/Xilinx/Vivado/2024.2/data/xhub/boards/XilinxBoardStore/boards/Xilinx/zcu208ld/production/2.0/board.xml as part xczu58dr-fsvg1517-2-i specified in board_part file is either invalid or not available
WARNING: [Board 49-26] cannot add Board Part xilinx.com:zcu216ld:part0:2.0 available at /home/audrey/Xilinx/Vivado/2024.2/data/xhub/boards/XilinxBoardStore/boards/Xilinx/zcu216ld/production/2.0/board.xml as part xczu59dr-ffvf1760-2-i specified in board_part file is either invalid or not available
WARNING: [Board 49-26] cannot add Board Part xilinx.com:zcu670ld:part0:1.0 available at /home/audrey/Xilinx/Vivado/2024.2/data/xhub/boards/XilinxBoardStore/boards/Xilinx/zcu670ld/1.0/board.xml as part xczu57dr-fsve1156-2-i specified in board_part file is either invalid or not available
INFO: [IP_Flow 19-234] Refreshing IP repositories
INFO: [IP_Flow 19-1704] No user IP repositories specified
INFO: [IP_Flow 19-2313] Loaded Vivado IP repository '/home/audrey/Xilinx/Vivado/2024.2/data/ip'.
INFO: [Device 21-403] Loading part xc7s50csga324-2
Netlist sorting complete. Time (s): cpu = 00:00:00.06 ; elapsed = 00:00:00.05 . Memory (MB): peak = 7760.156 ; gain = 0.000 ; free physical = 1701 ; free virtual = 10317
INFO: [Netlist 29-17] Analyzing 766 Unisim elements for replacement
INFO: [Netlist 29-28] Unisim Transformation completed in 0 CPU seconds
INFO: [Project 1-479] Netlist was created with Vivado 2024.2
INFO: [Project 1-570] Preparing netlist for logic optimization
Read ShapeDB Complete: Time (s): cpu = 00:00:00.02 ; elapsed = 00:00:00.02 . Memory (MB): peak = 7831.938 ; gain = 3.000 ; free physical = 1610 ; free virtual = 10226
INFO: [Timing 38-478] Restoring timing data from binary archive.
INFO: [Timing 38-479] Binary timing data restore complete.
INFO: [Project 1-856] Restoring constraints from binary archive.
INFO: [Project 1-853] Binary constraint restore complete.
INFO: [Designutils 20-5722] Start Reading Physical Databases.
Reading placement.
Read Netlist Cache: Time (s): cpu = 00:00:00 ; elapsed = 00:00:00.01 . Memory (MB): peak = 8327.352 ; gain = 0.000 ; free physical = 1171 ; free virtual = 9786
Reading placer database...
Read Device Cache: Time (s): cpu = 00:00:00.01 ; elapsed = 00:00:00 . Memory (MB): peak = 8327.352 ; gain = 0.000 ; free physical = 1171 ; free virtual = 9786
Read PlaceDB: Time (s): cpu = 00:00:00.32 ; elapsed = 00:00:00.32 . Memory (MB): peak = 8337.352 ; gain = 10.000 ; free physical = 1170 ; free virtual = 9786
Read PulsedLatchDB: Time (s): cpu = 00:00:00 ; elapsed = 00:00:00 . Memory (MB): peak = 8337.352 ; gain = 0.000 ; free physical = 1170 ; free virtual = 9786
Reading routing.
Read RouteStorage: Time (s): cpu = 00:00:00.21 ; elapsed = 00:00:00.06 . Memory (MB): peak = 8337.352 ; gain = 0.000 ; free physical = 1162 ; free virtual = 9778
Read Physdb Files: Time (s): cpu = 00:00:00.56 ; elapsed = 00:00:00.39 . Memory (MB): peak = 8337.352 ; gain = 10.000 ; free physical = 1162 ; free virtual = 9778
Restored from archive | CPU: 0.620000 secs | Memory: 12.098053 MB |
Finished XDEF File Restore: Time (s): cpu = 00:00:00.6 ; elapsed = 00:00:00.44 . Memory (MB): peak = 8337.352 ; gain = 20.906 ; free physical = 1162 ; free virtual = 9778
Netlist sorting complete. Time (s): cpu = 00:00:00 ; elapsed = 00:00:00 . Memory (MB): peak = 8337.352 ; gain = 0.000 ; free physical = 1162 ; free virtual = 9778
INFO: [Project 1-111] Unisim Transformation Summary:
  A total of 49 instances were transformed.
  RAM32M => RAM32M (RAMD32(x6), RAMS32(x2)): 28 instances
  RAM32X1D => RAM32X1D (RAMD32(x2)): 21 instances

INFO: [Project 1-604] Checkpoint was created with Vivado v2024.2 (64-bit) build 5239630
open_checkpoint: Time (s): cpu = 00:00:38 ; elapsed = 00:00:19 . Memory (MB): peak = 8727.543 ; gain = 1271.105 ; free physical = 842 ; free virtual = 9482
report_timing_summary -delay_type min_max -report_unconstrained -check_timing_verbose -max_paths 10 -input_pins -routable_nets -name timing_1
INFO: [Timing 38-91] UpdateTimingParams: Speed grade: -2, Delay Type: min_max.
INFO: [Timing 38-191] Multithreading enabled for timing update using a maximum of 8 CPUs
report_power -name {power_1}
Command: report_power -name power_1
Running Vector-less Activity Propagation...

Finished Running Vector-less Activity Propagation
0 Infos, 0 Warnings, 0 Critical Warnings and 0 Errors encountered.
report_power completed successfully
report_utilization -name utilization_1
report_power -name {power_2}
Command: report_power -name power_2
Running Vector-less Activity Propagation...

Finished Running Vector-less Activity Propagation
0 Infos, 0 Warnings, 0 Critical Warnings and 0 Errors encountered.
report_power completed successfully
report_timing_summary -delay_type min_max -report_unconstrained -check_timing_verbose -max_paths 10 -input_pins -routable_nets -name timing_2
INFO: [Timing 38-91] UpdateTimingParams: Speed grade: -2, Delay Type: min_max.
INFO: [Timing 38-191] Multithreading enabled for timing update using a maximum of 8 CPUs
exit
INFO: [Common 17-206] Exiting Vivado at Sun Mar 15 13:31:14 2026...
